Archive member included to satisfy reference by file (symbol)

../../libtock-c/libtock/build/cortex-m4/libtock.a(crt0.o)
                              (_start)
../../libtock-c/libtock/build/cortex-m4/libtock.a(tock.o)
                              ../../libtock-c/libtock/build/cortex-m4/libtock.a(crt0.o) (yield)
../drivers/build/cortex-m4/drivers.a(example_driver.o)
                              build/cortex-m4/main.o (example_driver_action)
../../libtock-c/newlib/cortex-m/v7-m/libc.a(lib_a-exit.o)
                              ../../libtock-c/libtock/build/cortex-m4/libtock.a(tock.o) (exit)
../../libtock-c/newlib/cortex-m/v7-m/libc.a(lib_a-impure.o)
                              ../../libtock-c/newlib/cortex-m/v7-m/libc.a(lib_a-exit.o) (_global_impure_ptr)
../../libtock-c/newlib/cortex-m/v7-m/libc.a(lib_a-memcpy-stub.o)
                              ../../libtock-c/libtock/build/cortex-m4/libtock.a(crt0.o) (memcpy)
../../libtock-c/newlib/cortex-m/v7-m/libc.a(lib_a-memset.o)
                              ../../libtock-c/libtock/build/cortex-m4/libtock.a(crt0.o) (memset)
../../libtock-c/newlib/cortex-m/v7-m/libc.a(lib_a-printf.o)
                              ../../libtock-c/libtock/build/cortex-m4/libtock.a(tock.o) (printf)
../../libtock-c/newlib/cortex-m/v7-m/libc.a(lib_a-puts.o)
                              build/cortex-m4/main.o (puts)
../../libtock-c/newlib/cortex-m/v7-m/libc.a(lib_a-wbuf.o)
                              ../../libtock-c/newlib/cortex-m/v7-m/libc.a(lib_a-puts.o) (__swbuf_r)
../../libtock-c/newlib/cortex-m/v7-m/libc.a(lib_a-wsetup.o)
                              ../../libtock-c/newlib/cortex-m/v7-m/libc.a(lib_a-puts.o) (__swsetup_r)
../../libtock-c/newlib/cortex-m/v7-m/libc.a(lib_a-fflush.o)
                              ../../libtock-c/newlib/cortex-m/v7-m/libc.a(lib_a-wbuf.o) (_fflush_r)
../../libtock-c/newlib/cortex-m/v7-m/libc.a(lib_a-findfp.o)
                              ../../libtock-c/newlib/cortex-m/v7-m/libc.a(lib_a-printf.o) (__sinit)
../../libtock-c/newlib/cortex-m/v7-m/libc.a(lib_a-fwalk.o)
                              ../../libtock-c/newlib/cortex-m/v7-m/libc.a(lib_a-findfp.o) (_fwalk)
../../libtock-c/newlib/cortex-m/v7-m/libc.a(lib_a-makebuf.o)
                              ../../libtock-c/newlib/cortex-m/v7-m/libc.a(lib_a-wsetup.o) (__smakebuf_r)
../../libtock-c/newlib/cortex-m/v7-m/libc.a(lib_a-nano-freer.o)
                              ../../libtock-c/newlib/cortex-m/v7-m/libc.a(lib_a-wsetup.o) (_free_r)
../../libtock-c/newlib/cortex-m/v7-m/libc.a(lib_a-nano-mallocr.o)
                              ../../libtock-c/newlib/cortex-m/v7-m/libc.a(lib_a-findfp.o) (_malloc_r)
../../libtock-c/newlib/cortex-m/v7-m/libc.a(lib_a-nano-vfprintf.o)
                              ../../libtock-c/newlib/cortex-m/v7-m/libc.a(lib_a-printf.o) (_vfprintf_r)
../../libtock-c/newlib/cortex-m/v7-m/libc.a(lib_a-nano-vfprintf_i.o)
                              ../../libtock-c/newlib/cortex-m/v7-m/libc.a(lib_a-nano-vfprintf.o) (_printf_i)
../../libtock-c/newlib/cortex-m/v7-m/libc.a(lib_a-sbrkr.o)
                              ../../libtock-c/newlib/cortex-m/v7-m/libc.a(lib_a-nano-mallocr.o) (_sbrk_r)
../../libtock-c/newlib/cortex-m/v7-m/libc.a(lib_a-stdio.o)
                              ../../libtock-c/newlib/cortex-m/v7-m/libc.a(lib_a-findfp.o) (__sread)
../../libtock-c/newlib/cortex-m/v7-m/libc.a(lib_a-writer.o)
                              ../../libtock-c/newlib/cortex-m/v7-m/libc.a(lib_a-stdio.o) (_write_r)
../../libtock-c/newlib/cortex-m/v7-m/libc.a(lib_a-closer.o)
                              ../../libtock-c/newlib/cortex-m/v7-m/libc.a(lib_a-stdio.o) (_close_r)
../../libtock-c/newlib/cortex-m/v7-m/libc.a(lib_a-fstatr.o)
                              ../../libtock-c/newlib/cortex-m/v7-m/libc.a(lib_a-makebuf.o) (_fstat_r)
../../libtock-c/newlib/cortex-m/v7-m/libc.a(lib_a-fvwrite.o)
                              ../../libtock-c/newlib/cortex-m/v7-m/libc.a(lib_a-nano-vfprintf.o) (__sfvwrite_r)
../../libtock-c/newlib/cortex-m/v7-m/libc.a(lib_a-isattyr.o)
                              ../../libtock-c/newlib/cortex-m/v7-m/libc.a(lib_a-makebuf.o) (_isatty_r)
../../libtock-c/newlib/cortex-m/v7-m/libc.a(lib_a-lseekr.o)
                              ../../libtock-c/newlib/cortex-m/v7-m/libc.a(lib_a-stdio.o) (_lseek_r)
../../libtock-c/newlib/cortex-m/v7-m/libc.a(lib_a-memchr-stub.o)
                              ../../libtock-c/newlib/cortex-m/v7-m/libc.a(lib_a-nano-vfprintf.o) (memchr)
../../libtock-c/newlib/cortex-m/v7-m/libc.a(lib_a-memmove.o)
                              ../../libtock-c/newlib/cortex-m/v7-m/libc.a(lib_a-fvwrite.o) (memmove)
../../libtock-c/newlib/cortex-m/v7-m/libc.a(lib_a-mlock.o)
                              ../../libtock-c/newlib/cortex-m/v7-m/libc.a(lib_a-nano-freer.o) (__malloc_lock)
../../libtock-c/newlib/cortex-m/v7-m/libc.a(lib_a-nano-reallocr.o)
                              ../../libtock-c/newlib/cortex-m/v7-m/libc.a(lib_a-fvwrite.o) (_realloc_r)
../../libtock-c/newlib/cortex-m/v7-m/libc.a(lib_a-readr.o)
                              ../../libtock-c/newlib/cortex-m/v7-m/libc.a(lib_a-stdio.o) (_read_r)
../../libtock-c/newlib/cortex-m/v7-m/libc.a(lib_a-reent.o)
                              ../../libtock-c/newlib/cortex-m/v7-m/libc.a(lib_a-sbrkr.o) (errno)
../../libtock-c/newlib/cortex-m/v7-m/libc.a(lib_a-nano-msizer.o)
                              ../../libtock-c/newlib/cortex-m/v7-m/libc.a(lib_a-nano-reallocr.o) (_malloc_usable_size_r)
../../libtock-c/libtock/build/cortex-m4/libtock.a(sys.o)
                              ../../libtock-c/newlib/cortex-m/v7-m/libc.a(lib_a-isattyr.o) (_isatty)
../../libtock-c/libtock/build/cortex-m4/libtock.a(console.o)
                              ../../libtock-c/libtock/build/cortex-m4/libtock.a(sys.o) (putnstr)
../../libtock-c/newlib/cortex-m/v7-m/libc.a(lib_a-errno.o)
                              ../../libtock-c/libtock/build/cortex-m4/libtock.a(sys.o) (__errno)
../../libtock-c/newlib/cortex-m/v7-m/libc.a(lib_a-malloc.o)
                              ../../libtock-c/libtock/build/cortex-m4/libtock.a(console.o) (malloc)
../../libtock-c/newlib/cortex-m/v7-m/libc.a(lib_a-strncpy.o)
                              ../../libtock-c/libtock/build/cortex-m4/libtock.a(console.o) (strncpy)

Allocating common symbols
Common symbol       size              file

errno               0x4               ../../libtock-c/newlib/cortex-m/v7-m/libc.a(lib_a-reent.o)

Discarded input sections

 .text          0x00000000        0x0 build/cortex-m4/main.o
 .text          0x00000000        0x0 ../../libtock-c/libtock/build/cortex-m4/libtock.a(crt0.o)
 .text._c_start_nopic
                0x00000000       0x38 ../../libtock-c/libtock/build/cortex-m4/libtock.a(crt0.o)
 .text          0x00000000        0x0 ../../libtock-c/libtock/build/cortex-m4/libtock.a(tock.o)
 .text.tock_enqueue
                0x00000000       0x60 ../../libtock-c/libtock/build/cortex-m4/libtock.a(tock.o)
 .text.tock_command_return_u32_to_returncode
                0x00000000       0x30 ../../libtock-c/libtock/build/cortex-m4/libtock.a(tock.o)
 .text.tock_subscribe_return_to_returncode
                0x00000000       0x20 ../../libtock-c/libtock/build/cortex-m4/libtock.a(tock.o)
 .text.tock_allow_rw_return_to_returncode
                0x00000000       0x20 ../../libtock-c/libtock/build/cortex-m4/libtock.a(tock.o)
 .text.tock_allow_ro_return_to_returncode
                0x00000000       0x20 ../../libtock-c/libtock/build/cortex-m4/libtock.a(tock.o)
 .text.yield_no_wait
                0x00000000       0x20 ../../libtock-c/libtock/build/cortex-m4/libtock.a(tock.o)
 .text.tock_exit
                0x00000000        0x6 ../../libtock-c/libtock/build/cortex-m4/libtock.a(tock.o)
 .text.tock_restart
                0x00000000        0x6 ../../libtock-c/libtock/build/cortex-m4/libtock.a(tock.o)
 .text.allow_readwrite
                0x00000000       0x38 ../../libtock-c/libtock/build/cortex-m4/libtock.a(tock.o)
 .text.tock_app_memory_begins_at
                0x00000000       0x1e ../../libtock-c/libtock/build/cortex-m4/libtock.a(tock.o)
 .text.tock_app_memory_ends_at
                0x00000000       0x1e ../../libtock-c/libtock/build/cortex-m4/libtock.a(tock.o)
 .text.tock_app_flash_begins_at
                0x00000000       0x1e ../../libtock-c/libtock/build/cortex-m4/libtock.a(tock.o)
 .text.tock_app_flash_ends_at
                0x00000000       0x1e ../../libtock-c/libtock/build/cortex-m4/libtock.a(tock.o)
 .text.tock_app_grant_begins_at
                0x00000000       0x1e ../../libtock-c/libtock/build/cortex-m4/libtock.a(tock.o)
 .text.tock_app_number_writeable_flash_regions
                0x00000000       0x1e ../../libtock-c/libtock/build/cortex-m4/libtock.a(tock.o)
 .text.tock_app_writeable_flash_region_begins_at
                0x00000000       0x1e ../../libtock-c/libtock/build/cortex-m4/libtock.a(tock.o)
 .text.tock_app_writeable_flash_region_ends_at
                0x00000000       0x1e ../../libtock-c/libtock/build/cortex-m4/libtock.a(tock.o)
 .text.driver_exists
                0x00000000       0x1c ../../libtock-c/libtock/build/cortex-m4/libtock.a(tock.o)
 .text.tock_strrcode
                0x00000000       0xbc ../../libtock-c/libtock/build/cortex-m4/libtock.a(tock.o)
 .text.tock_strerr
                0x00000000       0x10 ../../libtock-c/libtock/build/cortex-m4/libtock.a(tock.o)
 .text.tock_expect
                0x00000000       0x50 ../../libtock-c/libtock/build/cortex-m4/libtock.a(tock.o)
 .rodata.tock_expect.str1.1
                0x00000000       0x65 ../../libtock-c/libtock/build/cortex-m4/libtock.a(tock.o)
 .rodata.tock_strrcode.str1.1
                0x00000000      0x1c8 ../../libtock-c/libtock/build/cortex-m4/libtock.a(tock.o)
 .text          0x00000000        0x0 ../drivers/build/cortex-m4/drivers.a(example_driver.o)
 .text          0x00000000        0x0 ../../libtock-c/newlib/cortex-m/v7-m/libc.a(lib_a-exit.o)
 .text          0x00000000        0x0 ../../libtock-c/newlib/cortex-m/v7-m/libc.a(lib_a-impure.o)
 .text          0x00000000        0x0 ../../libtock-c/newlib/cortex-m/v7-m/libc.a(lib_a-memcpy-stub.o)
 .text          0x00000000        0x0 ../../libtock-c/newlib/cortex-m/v7-m/libc.a(lib_a-memset.o)
 .text          0x00000000        0x0 ../../libtock-c/newlib/cortex-m/v7-m/libc.a(lib_a-printf.o)
 .text._printf_r
                0x00000000       0x28 ../../libtock-c/newlib/cortex-m/v7-m/libc.a(lib_a-printf.o)
 .text.printf   0x00000000       0x34 ../../libtock-c/newlib/cortex-m/v7-m/libc.a(lib_a-printf.o)
 .text          0x00000000        0x0 ../../libtock-c/newlib/cortex-m/v7-m/libc.a(lib_a-puts.o)
 .text          0x00000000        0x0 ../../libtock-c/newlib/cortex-m/v7-m/libc.a(lib_a-wbuf.o)
 .text.__swbuf  0x00000000       0x14 ../../libtock-c/newlib/cortex-m/v7-m/libc.a(lib_a-wbuf.o)
 .text          0x00000000        0x0 ../../libtock-c/newlib/cortex-m/v7-m/libc.a(lib_a-wsetup.o)
 .text          0x00000000        0x0 ../../libtock-c/newlib/cortex-m/v7-m/libc.a(lib_a-fflush.o)
 .text.fflush   0x00000000       0x30 ../../libtock-c/newlib/cortex-m/v7-m/libc.a(lib_a-fflush.o)
 .text          0x00000000        0x0 ../../libtock-c/newlib/cortex-m/v7-m/libc.a(lib_a-findfp.o)
 .text.__fp_lock
                0x00000000        0x4 ../../libtock-c/newlib/cortex-m/v7-m/libc.a(lib_a-findfp.o)
 .text.__fp_unlock
                0x00000000        0x4 ../../libtock-c/newlib/cortex-m/v7-m/libc.a(lib_a-findfp.o)
 .text._cleanup
                0x00000000       0x10 ../../libtock-c/newlib/cortex-m/v7-m/libc.a(lib_a-findfp.o)
 .text.__fp_lock_all
                0x00000000       0x24 ../../libtock-c/newlib/cortex-m/v7-m/libc.a(lib_a-findfp.o)
 .text.__fp_unlock_all
                0x00000000       0x24 ../../libtock-c/newlib/cortex-m/v7-m/libc.a(lib_a-findfp.o)
 .text          0x00000000        0x0 ../../libtock-c/newlib/cortex-m/v7-m/libc.a(lib_a-fwalk.o)
 .text._fwalk   0x00000000       0x3a ../../libtock-c/newlib/cortex-m/v7-m/libc.a(lib_a-fwalk.o)
 .text          0x00000000        0x0 ../../libtock-c/newlib/cortex-m/v7-m/libc.a(lib_a-makebuf.o)
 .text          0x00000000        0x0 ../../libtock-c/newlib/cortex-m/v7-m/libc.a(lib_a-nano-freer.o)
 .text          0x00000000        0x0 ../../libtock-c/newlib/cortex-m/v7-m/libc.a(lib_a-nano-mallocr.o)
 .text          0x00000000        0x0 ../../libtock-c/newlib/cortex-m/v7-m/libc.a(lib_a-nano-vfprintf.o)
 .text.__sfputc_r
                0x00000000       0x2a ../../libtock-c/newlib/cortex-m/v7-m/libc.a(lib_a-nano-vfprintf.o)
 .text.__sfputs_r
                0x00000000       0x24 ../../libtock-c/newlib/cortex-m/v7-m/libc.a(lib_a-nano-vfprintf.o)
 .text.__sprint_r
                0x00000000       0x1a ../../libtock-c/newlib/cortex-m/v7-m/libc.a(lib_a-nano-vfprintf.o)
 .rodata._vfprintf_r.str1.1
                0x00000000       0x11 ../../libtock-c/newlib/cortex-m/v7-m/libc.a(lib_a-nano-vfprintf.o)
 .text._vfprintf_r
                0x00000000      0x23c ../../libtock-c/newlib/cortex-m/v7-m/libc.a(lib_a-nano-vfprintf.o)
 .text.vfprintf
                0x00000000       0x1c ../../libtock-c/newlib/cortex-m/v7-m/libc.a(lib_a-nano-vfprintf.o)
 .text          0x00000000        0x0 ../../libtock-c/newlib/cortex-m/v7-m/libc.a(lib_a-nano-vfprintf_i.o)
 .text._printf_common
                0x00000000       0xde ../../libtock-c/newlib/cortex-m/v7-m/libc.a(lib_a-nano-vfprintf_i.o)
 .rodata._printf_i.str1.1
                0x00000000       0x22 ../../libtock-c/newlib/cortex-m/v7-m/libc.a(lib_a-nano-vfprintf_i.o)
 .text._printf_i
                0x00000000      0x260 ../../libtock-c/newlib/cortex-m/v7-m/libc.a(lib_a-nano-vfprintf_i.o)
 .text          0x00000000        0x0 ../../libtock-c/newlib/cortex-m/v7-m/libc.a(lib_a-sbrkr.o)
 .text          0x00000000        0x0 ../../libtock-c/newlib/cortex-m/v7-m/libc.a(lib_a-stdio.o)
 .text.__seofread
                0x00000000        0x4 ../../libtock-c/newlib/cortex-m/v7-m/libc.a(lib_a-stdio.o)
 .text          0x00000000        0x0 ../../libtock-c/newlib/cortex-m/v7-m/libc.a(lib_a-writer.o)
 .text          0x00000000        0x0 ../../libtock-c/newlib/cortex-m/v7-m/libc.a(lib_a-closer.o)
 .text          0x00000000        0x0 ../../libtock-c/newlib/cortex-m/v7-m/libc.a(lib_a-fstatr.o)
 .text          0x00000000        0x0 ../../libtock-c/newlib/cortex-m/v7-m/libc.a(lib_a-fvwrite.o)
 .text.__sfvwrite_r
                0x00000000      0x298 ../../libtock-c/newlib/cortex-m/v7-m/libc.a(lib_a-fvwrite.o)
 .text          0x00000000        0x0 ../../libtock-c/newlib/cortex-m/v7-m/libc.a(lib_a-isattyr.o)
 .text          0x00000000        0x0 ../../libtock-c/newlib/cortex-m/v7-m/libc.a(lib_a-lseekr.o)
 .text          0x00000000        0x0 ../../libtock-c/newlib/cortex-m/v7-m/libc.a(lib_a-memchr-stub.o)
 .text.memchr   0x00000000       0x1c ../../libtock-c/newlib/cortex-m/v7-m/libc.a(lib_a-memchr-stub.o)
 .text          0x00000000        0x0 ../../libtock-c/newlib/cortex-m/v7-m/libc.a(lib_a-memmove.o)
 .text.memmove  0x00000000       0x34 ../../libtock-c/newlib/cortex-m/v7-m/libc.a(lib_a-memmove.o)
 .text          0x00000000        0x0 ../../libtock-c/newlib/cortex-m/v7-m/libc.a(lib_a-mlock.o)
 .text          0x00000000        0x0 ../../libtock-c/newlib/cortex-m/v7-m/libc.a(lib_a-nano-reallocr.o)
 .text._realloc_r
                0x00000000       0x5e ../../libtock-c/newlib/cortex-m/v7-m/libc.a(lib_a-nano-reallocr.o)
 .text          0x00000000        0x0 ../../libtock-c/newlib/cortex-m/v7-m/libc.a(lib_a-readr.o)
 .text          0x00000000        0x0 ../../libtock-c/newlib/cortex-m/v7-m/libc.a(lib_a-reent.o)
 .text.cleanup_glue
                0x00000000       0x1a ../../libtock-c/newlib/cortex-m/v7-m/libc.a(lib_a-reent.o)
 .text._reclaim_reent
                0x00000000       0xbc ../../libtock-c/newlib/cortex-m/v7-m/libc.a(lib_a-reent.o)
 .text          0x00000000        0x0 ../../libtock-c/newlib/cortex-m/v7-m/libc.a(lib_a-nano-msizer.o)
 .text._malloc_usable_size_r
                0x00000000       0x10 ../../libtock-c/newlib/cortex-m/v7-m/libc.a(lib_a-nano-msizer.o)
 .text          0x00000000        0x0 ../../libtock-c/libtock/build/cortex-m4/libtock.a(sys.o)
 .text._unlink  0x00000000        0x6 ../../libtock-c/libtock/build/cortex-m4/libtock.a(sys.o)
 .text._open    0x00000000        0xa ../../libtock-c/libtock/build/cortex-m4/libtock.a(sys.o)
 .text._getpid  0x00000000        0x4 ../../libtock-c/libtock/build/cortex-m4/libtock.a(sys.o)
 .text._kill    0x00000000        0x6 ../../libtock-c/libtock/build/cortex-m4/libtock.a(sys.o)
 .text          0x00000000        0x0 ../../libtock-c/libtock/build/cortex-m4/libtock.a(console.o)
 .text.getnstr_upcall
                0x00000000       0x14 ../../libtock-c/libtock/build/cortex-m4/libtock.a(console.o)
 .text.getnstr_async
                0x00000000       0x66 ../../libtock-c/libtock/build/cortex-m4/libtock.a(console.o)
 .text.getnstr  0x00000000       0x38 ../../libtock-c/libtock/build/cortex-m4/libtock.a(console.o)
 .text.getch    0x00000000       0x1c ../../libtock-c/libtock/build/cortex-m4/libtock.a(console.o)
 .text.getnstr_abort
                0x00000000       0x22 ../../libtock-c/libtock/build/cortex-m4/libtock.a(console.o)
 .text          0x00000000        0x0 ../../libtock-c/newlib/cortex-m/v7-m/libc.a(lib_a-errno.o)
 .text          0x00000000        0x0 ../../libtock-c/newlib/cortex-m/v7-m/libc.a(lib_a-malloc.o)
 .text          0x00000000        0x0 ../../libtock-c/newlib/cortex-m/v7-m/libc.a(lib_a-strncpy.o)

Memory Configuration

Name             Origin             Length             Attributes
FLASH            0x80000000         0x00070000         xr
SRAM             0x00000000         0x00010000         xrw
*default*        0x00000000         0xffffffff

Linker script and memory map

                0x00000800                STACK_SIZE = 0x800
                0x00000400                APP_HEAP_SIZE = 0x400
                0x00000400                KERNEL_HEAP_SIZE = 0x400
START GROUP
LOAD build/cortex-m4/main.o
LOAD ../../libtock-c/libtock/build/cortex-m4/libtock.a
LOAD ../drivers/build/cortex-m4/drivers.a
LOAD ../../libtock-c/libc++/cortex-m/libstdc++.a
LOAD ../../libtock-c/libc++/cortex-m/libsupc++.a
LOAD ../../libtock-c/libc++/cortex-m/libgcc.a
LOAD ../../libtock-c/newlib/cortex-m/v7-m/libc.a
LOAD ../../libtock-c/newlib/cortex-m/v7-m/libm.a
END GROUP
                0x00070000                PROG_LENGTH = 0x70000
                0x00010000                RAM_LENGTH = 0x10000

.crt0_header    0x80000000       0x28
                0x80000000        0x4 LONG 0xe8c (LOADADDR (.got) - ORIGIN (FLASH))
                0x80000004        0x4 LONG 0x800 (_got - ORIGIN (SRAM))
                0x80000008        0x4 LONG 0x64 SIZEOF (.got)
                0x8000000c        0x4 LONG 0xef0 (LOADADDR (.data) - ORIGIN (FLASH))
                0x80000010        0x4 LONG 0x864 (_data - ORIGIN (SRAM))
                0x80000014        0x4 LONG 0x70 SIZEOF (.data)
                0x80000018        0x4 LONG 0x8d4 (_bss - ORIGIN (SRAM))
                0x8000001c        0x4 LONG 0x160 SIZEOF (.bss)
                0x80000020        0x4 LONG 0xf60 (LOADADDR (.endflash) - ORIGIN (FLASH))
                0x80000024        0x4 LONG 0x800 STACK_SIZE

.wfr.app_state  0x80000028        0x0
 *(.app_state)
                0x80000028                . = ALIGN (0x4)

.text           0x80000028      0xe64
                0x80000028                . = ALIGN (0x4)
                0x80000028                _text = .
 *(.start)
 .start         0x80000028       0x44 ../../libtock-c/libtock/build/cortex-m4/libtock.a(crt0.o)
                0x80000028                _start
 *(.text*)
 .text.startup.main
                0x8000006c       0x18 build/cortex-m4/main.o
                0x8000006c                main
 .text._c_start_pic
                0x80000084       0x7c ../../libtock-c/libtock/build/cortex-m4/libtock.a(crt0.o)
                0x80000084                _c_start_pic
 .text.__yield_check_tasks
                0x80000100       0x54 ../../libtock-c/libtock/build/cortex-m4/libtock.a(tock.o)
 .text.tock_status_to_returncode
                0x80000154        0x4 ../../libtock-c/libtock/build/cortex-m4/libtock.a(tock.o)
                0x80000154                tock_status_to_returncode
 .text.tock_command_return_novalue_to_returncode
                0x80000158       0x2c ../../libtock-c/libtock/build/cortex-m4/libtock.a(tock.o)
                0x80000158                tock_command_return_novalue_to_returncode
 .text.yield    0x80000184       0x10 ../../libtock-c/libtock/build/cortex-m4/libtock.a(tock.o)
                0x80000184                yield
 .text.yield_for
                0x80000194       0x10 ../../libtock-c/libtock/build/cortex-m4/libtock.a(tock.o)
                0x80000194                yield_for
 .text.subscribe
                0x800001a4       0x3a ../../libtock-c/libtock/build/cortex-m4/libtock.a(tock.o)
                0x800001a4                subscribe
 .text.command  0x800001de       0x1a ../../libtock-c/libtock/build/cortex-m4/libtock.a(tock.o)
                0x800001de                command
 .text.allow_readonly
                0x800001f8       0x3a ../../libtock-c/libtock/build/cortex-m4/libtock.a(tock.o)
                0x800001f8                allow_readonly
 .text.memop    0x80000232       0x32 ../../libtock-c/libtock/build/cortex-m4/libtock.a(tock.o)
                0x80000232                memop
 .text.example_driver_action
                0x80000264        0x2 ../drivers/build/cortex-m4/drivers.a(example_driver.o)
                0x80000264                example_driver_action
 *fill*         0x80000266        0x2 ff
 .text.exit     0x80000268       0x30 ../../libtock-c/newlib/cortex-m/v7-m/libc.a(lib_a-exit.o)
                0x80000268                exit
 .text.memcpy   0x80000298       0x1c ../../libtock-c/newlib/cortex-m/v7-m/libc.a(lib_a-memcpy-stub.o)
                0x80000298                memcpy
 .text.memset   0x800002b4       0x10 ../../libtock-c/newlib/cortex-m/v7-m/libc.a(lib_a-memset.o)
                0x800002b4                memset
 .text._puts_r  0x800002c4       0xc4 ../../libtock-c/newlib/cortex-m/v7-m/libc.a(lib_a-puts.o)
                0x800002c4                _puts_r
 .text.puts     0x80000388       0x14 ../../libtock-c/newlib/cortex-m/v7-m/libc.a(lib_a-puts.o)
                0x80000388                puts
 .text.__swbuf_r
                0x8000039c       0xb0 ../../libtock-c/newlib/cortex-m/v7-m/libc.a(lib_a-wbuf.o)
                0x8000039c                __swbuf_r
 .text.__swsetup_r
                0x8000044c       0xec ../../libtock-c/newlib/cortex-m/v7-m/libc.a(lib_a-wsetup.o)
                0x8000044c                __swsetup_r
 .text.__sflush_r
                0x80000538      0x10c ../../libtock-c/newlib/cortex-m/v7-m/libc.a(lib_a-fflush.o)
                0x80000538                __sflush_r
 .text._fflush_r
                0x80000644       0x60 ../../libtock-c/newlib/cortex-m/v7-m/libc.a(lib_a-fflush.o)
                0x80000644                _fflush_r
 .text.std      0x800006a4       0x58 ../../libtock-c/newlib/cortex-m/v7-m/libc.a(lib_a-findfp.o)
 .text._cleanup_r
                0x800006fc       0x10 ../../libtock-c/newlib/cortex-m/v7-m/libc.a(lib_a-findfp.o)
                0x800006fc                _cleanup_r
 .text.__sfmoreglue
                0x8000070c       0x2c ../../libtock-c/newlib/cortex-m/v7-m/libc.a(lib_a-findfp.o)
                0x8000070c                __sfmoreglue
 .text.__sfp_lock_acquire
                0x80000738        0x2 ../../libtock-c/newlib/cortex-m/v7-m/libc.a(lib_a-findfp.o)
                0x80000738                __sfp_lock_acquire
 .text.__sfp_lock_release
                0x8000073a        0x2 ../../libtock-c/newlib/cortex-m/v7-m/libc.a(lib_a-findfp.o)
                0x8000073a                __sfp_lock_release
 .text.__sinit_lock_acquire
                0x8000073c        0x2 ../../libtock-c/newlib/cortex-m/v7-m/libc.a(lib_a-findfp.o)
                0x8000073c                __sinit_lock_acquire
 .text.__sinit_lock_release
                0x8000073e        0x2 ../../libtock-c/newlib/cortex-m/v7-m/libc.a(lib_a-findfp.o)
                0x8000073e                __sinit_lock_release
 .text.__sinit  0x80000740       0x78 ../../libtock-c/newlib/cortex-m/v7-m/libc.a(lib_a-findfp.o)
                0x80000740                __sinit
 .text.__sfp    0x800007b8       0x88 ../../libtock-c/newlib/cortex-m/v7-m/libc.a(lib_a-findfp.o)
                0x800007b8                __sfp
 .text._fwalk_reent
                0x80000840       0x3e ../../libtock-c/newlib/cortex-m/v7-m/libc.a(lib_a-fwalk.o)
                0x80000840                _fwalk_reent
 .text.__swhatbuf_r
                0x8000087e       0x48 ../../libtock-c/newlib/cortex-m/v7-m/libc.a(lib_a-makebuf.o)
                0x8000087e                __swhatbuf_r
 *fill*         0x800008c6        0x2 ff
 .text.__smakebuf_r
                0x800008c8       0x84 ../../libtock-c/newlib/cortex-m/v7-m/libc.a(lib_a-makebuf.o)
                0x800008c8                __smakebuf_r
 .text._free_r  0x8000094c       0x94 ../../libtock-c/newlib/cortex-m/v7-m/libc.a(lib_a-nano-freer.o)
                0x8000094c                _free_r
 .text._malloc_r
                0x800009e0       0xbc ../../libtock-c/newlib/cortex-m/v7-m/libc.a(lib_a-nano-mallocr.o)
                0x800009e0                _malloc_r
 .text._sbrk_r  0x80000a9c       0x24 ../../libtock-c/newlib/cortex-m/v7-m/libc.a(lib_a-sbrkr.o)
                0x80000a9c                _sbrk_r
 .text.__sread  0x80000ac0       0x22 ../../libtock-c/newlib/cortex-m/v7-m/libc.a(lib_a-stdio.o)
                0x80000ac0                __sread
 .text.__swrite
                0x80000ae2       0x38 ../../libtock-c/newlib/cortex-m/v7-m/libc.a(lib_a-stdio.o)
                0x80000ae2                __swrite
 .text.__sseek  0x80000b1a       0x24 ../../libtock-c/newlib/cortex-m/v7-m/libc.a(lib_a-stdio.o)
                0x80000b1a                __sseek
 .text.__sclose
                0x80000b3e        0x8 ../../libtock-c/newlib/cortex-m/v7-m/libc.a(lib_a-stdio.o)
                0x80000b3e                __sclose
 *fill*         0x80000b46        0x2 ff
 .text._write_r
                0x80000b48       0x28 ../../libtock-c/newlib/cortex-m/v7-m/libc.a(lib_a-writer.o)
                0x80000b48                _write_r
 .text._close_r
                0x80000b70       0x24 ../../libtock-c/newlib/cortex-m/v7-m/libc.a(lib_a-closer.o)
                0x80000b70                _close_r
 .text._fstat_r
                0x80000b94       0x28 ../../libtock-c/newlib/cortex-m/v7-m/libc.a(lib_a-fstatr.o)
                0x80000b94                _fstat_r
 .text._isatty_r
                0x80000bbc       0x24 ../../libtock-c/newlib/cortex-m/v7-m/libc.a(lib_a-isattyr.o)
                0x80000bbc                _isatty_r
 .text._lseek_r
                0x80000be0       0x28 ../../libtock-c/newlib/cortex-m/v7-m/libc.a(lib_a-lseekr.o)
                0x80000be0                _lseek_r
 .text.__malloc_lock
                0x80000c08        0x2 ../../libtock-c/newlib/cortex-m/v7-m/libc.a(lib_a-mlock.o)
                0x80000c08                __malloc_lock
 .text.__malloc_unlock
                0x80000c0a        0x2 ../../libtock-c/newlib/cortex-m/v7-m/libc.a(lib_a-mlock.o)
                0x80000c0a                __malloc_unlock
 .text._read_r  0x80000c0c       0x28 ../../libtock-c/newlib/cortex-m/v7-m/libc.a(lib_a-readr.o)
                0x80000c0c                _read_r
 .text._isatty  0x80000c34        0x8 ../../libtock-c/libtock/build/cortex-m4/libtock.a(sys.o)
                0x80000c34                _isatty
 .text._write   0x80000c3c       0x10 ../../libtock-c/libtock/build/cortex-m4/libtock.a(sys.o)
                0x80000c3c                _write
 .text._close   0x80000c4c        0x6 ../../libtock-c/libtock/build/cortex-m4/libtock.a(sys.o)
                0x80000c4c                _close
 .text._fstat   0x80000c52        0xa ../../libtock-c/libtock/build/cortex-m4/libtock.a(sys.o)
                0x80000c52                _fstat
 .text._lseek   0x80000c5c        0x4 ../../libtock-c/libtock/build/cortex-m4/libtock.a(sys.o)
                0x80000c5c                _lseek
 .text._read    0x80000c60        0x4 ../../libtock-c/libtock/build/cortex-m4/libtock.a(sys.o)
                0x80000c60                _read
 .text._exit    0x80000c64        0x2 ../../libtock-c/libtock/build/cortex-m4/libtock.a(sys.o)
                0x80000c64                _exit
 .text._sbrk    0x80000c66       0x28 ../../libtock-c/libtock/build/cortex-m4/libtock.a(sys.o)
                0x80000c66                _sbrk
 .text.putnstr_async
                0x80000c8e       0x66 ../../libtock-c/libtock/build/cortex-m4/libtock.a(console.o)
                0x80000c8e                putnstr_async
 .text.putnstr  0x80000cf4       0x8c ../../libtock-c/libtock/build/cortex-m4/libtock.a(console.o)
                0x80000cf4                putnstr
 .text.putstr_upcall
                0x80000d80       0x40 ../../libtock-c/libtock/build/cortex-m4/libtock.a(console.o)
 .text.__errno  0x80000dc0       0x10 ../../libtock-c/newlib/cortex-m/v7-m/libc.a(lib_a-errno.o)
                0x80000dc0                __errno
 .text.malloc   0x80000dd0       0x14 ../../libtock-c/newlib/cortex-m/v7-m/libc.a(lib_a-malloc.o)
                0x80000dd0                malloc
 .text.free     0x80000de4       0x14 ../../libtock-c/newlib/cortex-m/v7-m/libc.a(lib_a-malloc.o)
                0x80000de4                free
 .text.strncpy  0x80000df8       0x26 ../../libtock-c/newlib/cortex-m/v7-m/libc.a(lib_a-strncpy.o)
                0x80000df8                strncpy
 *(.rodata*)
 .rodata.main.str1.1
                0x80000e1e        0xe build/cortex-m4/main.o
 .rodata.__sf_fake_stderr
                0x80000e2c       0x20 ../../libtock-c/newlib/cortex-m/v7-m/libc.a(lib_a-findfp.o)
                0x80000e2c                __sf_fake_stderr
 .rodata.__sf_fake_stdin
                0x80000e4c       0x20 ../../libtock-c/newlib/cortex-m/v7-m/libc.a(lib_a-findfp.o)
                0x80000e4c                __sf_fake_stdin
 .rodata.__sf_fake_stdout
                0x80000e6c       0x20 ../../libtock-c/newlib/cortex-m/v7-m/libc.a(lib_a-findfp.o)
                0x80000e6c                __sf_fake_stdout
 *(.srodata*)
 *(.syscalls)
                0x80000e8c                _etext = .
 *(.ARM.extab*)
                0x80000e8c                . = ALIGN (0x4)

.glue_7         0x80000e8c        0x0
 .glue_7        0x80000e8c        0x0 linker stubs

.glue_7t        0x80000e8c        0x0
 .glue_7t       0x80000e8c        0x0 linker stubs

.vfp11_veneer   0x80000e8c        0x0
 .vfp11_veneer  0x80000e8c        0x0 linker stubs

.v4_bx          0x80000e8c        0x0
 .v4_bx         0x80000e8c        0x0 linker stubs

.iplt           0x80000e8c        0x0
 .iplt          0x80000e8c        0x0 build/cortex-m4/main.o

.rel.dyn        0x80000e8c        0x0
 .rel.iplt      0x80000e8c        0x0 build/cortex-m4/main.o
 .rel.got       0x80000e8c        0x0 build/cortex-m4/main.o

.stack          0x00000000      0x800
                0x00000000                _sram_origin = .
                0x00000000                . = ALIGN (0x10)
                0x00000000                _stack = .
                0x00000800                . = (_stack + STACK_SIZE)
 *fill*         0x00000000      0x800 
                0x00000800                . = ALIGN (0x10)

.got            0x00000800       0x64 load address 0x80000e8c
                0x00000800                . = ALIGN (0x4)
                0x00000800                _got = .
 *(.got*)
 .got           0x00000800       0x58 build/cortex-m4/main.o
 .got.plt       0x00000858        0xc build/cortex-m4/main.o
                0x00000858                _GLOBAL_OFFSET_TABLE_
 *(.got.plt*)
                0x00000864                . = ALIGN (0x4)

.data           0x00000864       0x70 load address 0x80000ef0
                0x00000864                . = ALIGN (0x4)
                0x00000864                _data = .
 *(.data*)
 .data          0x00000864        0x0 build/cortex-m4/main.o
 .data          0x00000864        0x0 ../../libtock-c/libtock/build/cortex-m4/libtock.a(crt0.o)
 .data          0x00000864        0x0 ../../libtock-c/libtock/build/cortex-m4/libtock.a(tock.o)
 .data          0x00000864        0x0 ../drivers/build/cortex-m4/drivers.a(example_driver.o)
 .data          0x00000864        0x0 ../../libtock-c/newlib/cortex-m/v7-m/libc.a(lib_a-exit.o)
 .data          0x00000864        0x0 ../../libtock-c/newlib/cortex-m/v7-m/libc.a(lib_a-impure.o)
 .data.rel.impure_data
                0x00000864       0x60 ../../libtock-c/newlib/cortex-m/v7-m/libc.a(lib_a-impure.o)
 .data.rel.local._impure_ptr
                0x000008c4        0x4 ../../libtock-c/newlib/cortex-m/v7-m/libc.a(lib_a-impure.o)
                0x000008c4                _impure_ptr
 .data.rel.ro.local._global_impure_ptr
                0x000008c8        0x4 ../../libtock-c/newlib/cortex-m/v7-m/libc.a(lib_a-impure.o)
                0x000008c8                _global_impure_ptr
 .data          0x000008cc        0x0 ../../libtock-c/newlib/cortex-m/v7-m/libc.a(lib_a-memcpy-stub.o)
 .data          0x000008cc        0x0 ../../libtock-c/newlib/cortex-m/v7-m/libc.a(lib_a-memset.o)
 .data          0x000008cc        0x0 ../../libtock-c/newlib/cortex-m/v7-m/libc.a(lib_a-printf.o)
 .data          0x000008cc        0x0 ../../libtock-c/newlib/cortex-m/v7-m/libc.a(lib_a-puts.o)
 .data          0x000008cc        0x0 ../../libtock-c/newlib/cortex-m/v7-m/libc.a(lib_a-wbuf.o)
 .data          0x000008cc        0x0 ../../libtock-c/newlib/cortex-m/v7-m/libc.a(lib_a-wsetup.o)
 .data          0x000008cc        0x0 ../../libtock-c/newlib/cortex-m/v7-m/libc.a(lib_a-fflush.o)
 .data          0x000008cc        0x0 ../../libtock-c/newlib/cortex-m/v7-m/libc.a(lib_a-findfp.o)
 .data          0x000008cc        0x0 ../../libtock-c/newlib/cortex-m/v7-m/libc.a(lib_a-fwalk.o)
 .data          0x000008cc        0x0 ../../libtock-c/newlib/cortex-m/v7-m/libc.a(lib_a-makebuf.o)
 .data          0x000008cc        0x0 ../../libtock-c/newlib/cortex-m/v7-m/libc.a(lib_a-nano-freer.o)
 .data          0x000008cc        0x0 ../../libtock-c/newlib/cortex-m/v7-m/libc.a(lib_a-nano-mallocr.o)
 .data          0x000008cc        0x0 ../../libtock-c/newlib/cortex-m/v7-m/libc.a(lib_a-nano-vfprintf.o)
 .data          0x000008cc        0x0 ../../libtock-c/newlib/cortex-m/v7-m/libc.a(lib_a-nano-vfprintf_i.o)
 .data          0x000008cc        0x0 ../../libtock-c/newlib/cortex-m/v7-m/libc.a(lib_a-sbrkr.o)
 .data          0x000008cc        0x0 ../../libtock-c/newlib/cortex-m/v7-m/libc.a(lib_a-stdio.o)
 .data          0x000008cc        0x0 ../../libtock-c/newlib/cortex-m/v7-m/libc.a(lib_a-writer.o)
 .data          0x000008cc        0x0 ../../libtock-c/newlib/cortex-m/v7-m/libc.a(lib_a-closer.o)
 .data          0x000008cc        0x0 ../../libtock-c/newlib/cortex-m/v7-m/libc.a(lib_a-fstatr.o)
 .data          0x000008cc        0x0 ../../libtock-c/newlib/cortex-m/v7-m/libc.a(lib_a-fvwrite.o)
 .data          0x000008cc        0x0 ../../libtock-c/newlib/cortex-m/v7-m/libc.a(lib_a-isattyr.o)
 .data          0x000008cc        0x0 ../../libtock-c/newlib/cortex-m/v7-m/libc.a(lib_a-lseekr.o)
 .data          0x000008cc        0x0 ../../libtock-c/newlib/cortex-m/v7-m/libc.a(lib_a-memchr-stub.o)
 .data          0x000008cc        0x0 ../../libtock-c/newlib/cortex-m/v7-m/libc.a(lib_a-memmove.o)
 .data          0x000008cc        0x0 ../../libtock-c/newlib/cortex-m/v7-m/libc.a(lib_a-mlock.o)
 .data          0x000008cc        0x0 ../../libtock-c/newlib/cortex-m/v7-m/libc.a(lib_a-nano-reallocr.o)
 .data          0x000008cc        0x0 ../../libtock-c/newlib/cortex-m/v7-m/libc.a(lib_a-readr.o)
 .data          0x000008cc        0x0 ../../libtock-c/newlib/cortex-m/v7-m/libc.a(lib_a-reent.o)
 .data          0x000008cc        0x0 ../../libtock-c/newlib/cortex-m/v7-m/libc.a(lib_a-nano-msizer.o)
 .data          0x000008cc        0x0 ../../libtock-c/libtock/build/cortex-m4/libtock.a(sys.o)
 .data          0x000008cc        0x0 ../../libtock-c/libtock/build/cortex-m4/libtock.a(console.o)
 .data.getnstr_data
                0x000008cc        0x8 ../../libtock-c/libtock/build/cortex-m4/libtock.a(console.o)
 .data          0x000008d4        0x0 ../../libtock-c/newlib/cortex-m/v7-m/libc.a(lib_a-errno.o)
 .data          0x000008d4        0x0 ../../libtock-c/newlib/cortex-m/v7-m/libc.a(lib_a-malloc.o)
 .data          0x000008d4        0x0 ../../libtock-c/newlib/cortex-m/v7-m/libc.a(lib_a-strncpy.o)
 *(.sdata*)
                0x000008d4                . = ALIGN (0x4)

.igot.plt       0x000008d4        0x0 load address 0x80000f60
 .igot.plt      0x000008d4        0x0 build/cortex-m4/main.o

.bss            0x000008d4      0x160 load address 0x80000f60
                0x000008d4                . = ALIGN (0x4)
                0x000008d4                _bss = .
 *(.bss*)
 .bss           0x000008d4        0x0 build/cortex-m4/main.o
 .bss           0x000008d4        0x0 ../../libtock-c/libtock/build/cortex-m4/libtock.a(crt0.o)
 .bss           0x000008d4        0x0 ../../libtock-c/libtock/build/cortex-m4/libtock.a(tock.o)
 .bss.task_cur  0x000008d4        0x4 ../../libtock-c/libtock/build/cortex-m4/libtock.a(tock.o)
 .bss.task_last
                0x000008d8        0x4 ../../libtock-c/libtock/build/cortex-m4/libtock.a(tock.o)
 .bss.task_queue
                0x000008dc      0x140 ../../libtock-c/libtock/build/cortex-m4/libtock.a(tock.o)
 .bss           0x00000a1c        0x0 ../drivers/build/cortex-m4/drivers.a(example_driver.o)
 .bss           0x00000a1c        0x0 ../../libtock-c/newlib/cortex-m/v7-m/libc.a(lib_a-exit.o)
 .bss           0x00000a1c        0x0 ../../libtock-c/newlib/cortex-m/v7-m/libc.a(lib_a-impure.o)
 .bss           0x00000a1c        0x0 ../../libtock-c/newlib/cortex-m/v7-m/libc.a(lib_a-memcpy-stub.o)
 .bss           0x00000a1c        0x0 ../../libtock-c/newlib/cortex-m/v7-m/libc.a(lib_a-memset.o)
 .bss           0x00000a1c        0x0 ../../libtock-c/newlib/cortex-m/v7-m/libc.a(lib_a-printf.o)
 .bss           0x00000a1c        0x0 ../../libtock-c/newlib/cortex-m/v7-m/libc.a(lib_a-puts.o)
 .bss           0x00000a1c        0x0 ../../libtock-c/newlib/cortex-m/v7-m/libc.a(lib_a-wbuf.o)
 .bss           0x00000a1c        0x0 ../../libtock-c/newlib/cortex-m/v7-m/libc.a(lib_a-wsetup.o)
 .bss           0x00000a1c        0x0 ../../libtock-c/newlib/cortex-m/v7-m/libc.a(lib_a-fflush.o)
 .bss           0x00000a1c        0x0 ../../libtock-c/newlib/cortex-m/v7-m/libc.a(lib_a-findfp.o)
 .bss           0x00000a1c        0x0 ../../libtock-c/newlib/cortex-m/v7-m/libc.a(lib_a-fwalk.o)
 .bss           0x00000a1c        0x0 ../../libtock-c/newlib/cortex-m/v7-m/libc.a(lib_a-makebuf.o)
 .bss           0x00000a1c        0x0 ../../libtock-c/newlib/cortex-m/v7-m/libc.a(lib_a-nano-freer.o)
 .bss           0x00000a1c        0x0 ../../libtock-c/newlib/cortex-m/v7-m/libc.a(lib_a-nano-mallocr.o)
 .bss.__malloc_free_list
                0x00000a1c        0x4 ../../libtock-c/newlib/cortex-m/v7-m/libc.a(lib_a-nano-mallocr.o)
                0x00000a1c                __malloc_free_list
 .bss.__malloc_sbrk_start
                0x00000a20        0x4 ../../libtock-c/newlib/cortex-m/v7-m/libc.a(lib_a-nano-mallocr.o)
                0x00000a20                __malloc_sbrk_start
 .bss           0x00000a24        0x0 ../../libtock-c/newlib/cortex-m/v7-m/libc.a(lib_a-nano-vfprintf.o)
 .bss           0x00000a24        0x0 ../../libtock-c/newlib/cortex-m/v7-m/libc.a(lib_a-nano-vfprintf_i.o)
 .bss           0x00000a24        0x0 ../../libtock-c/newlib/cortex-m/v7-m/libc.a(lib_a-sbrkr.o)
 .bss           0x00000a24        0x0 ../../libtock-c/newlib/cortex-m/v7-m/libc.a(lib_a-stdio.o)
 .bss           0x00000a24        0x0 ../../libtock-c/newlib/cortex-m/v7-m/libc.a(lib_a-writer.o)
 .bss           0x00000a24        0x0 ../../libtock-c/newlib/cortex-m/v7-m/libc.a(lib_a-closer.o)
 .bss           0x00000a24        0x0 ../../libtock-c/newlib/cortex-m/v7-m/libc.a(lib_a-fstatr.o)
 .bss           0x00000a24        0x0 ../../libtock-c/newlib/cortex-m/v7-m/libc.a(lib_a-fvwrite.o)
 .bss           0x00000a24        0x0 ../../libtock-c/newlib/cortex-m/v7-m/libc.a(lib_a-isattyr.o)
 .bss           0x00000a24        0x0 ../../libtock-c/newlib/cortex-m/v7-m/libc.a(lib_a-lseekr.o)
 .bss           0x00000a24        0x0 ../../libtock-c/newlib/cortex-m/v7-m/libc.a(lib_a-memchr-stub.o)
 .bss           0x00000a24        0x0 ../../libtock-c/newlib/cortex-m/v7-m/libc.a(lib_a-memmove.o)
 .bss           0x00000a24        0x0 ../../libtock-c/newlib/cortex-m/v7-m/libc.a(lib_a-mlock.o)
 .bss           0x00000a24        0x0 ../../libtock-c/newlib/cortex-m/v7-m/libc.a(lib_a-nano-reallocr.o)
 .bss           0x00000a24        0x0 ../../libtock-c/newlib/cortex-m/v7-m/libc.a(lib_a-readr.o)
 .bss           0x00000a24        0x0 ../../libtock-c/newlib/cortex-m/v7-m/libc.a(lib_a-reent.o)
 .bss           0x00000a24        0x0 ../../libtock-c/newlib/cortex-m/v7-m/libc.a(lib_a-nano-msizer.o)
 .bss           0x00000a24        0x0 ../../libtock-c/libtock/build/cortex-m4/libtock.a(sys.o)
 .bss.__dso_handle
                0x00000a24        0x4 ../../libtock-c/libtock/build/cortex-m4/libtock.a(sys.o)
                0x00000a24                __dso_handle
 .bss           0x00000a28        0x0 ../../libtock-c/libtock/build/cortex-m4/libtock.a(console.o)
 .bss.putstr_head
                0x00000a28        0x4 ../../libtock-c/libtock/build/cortex-m4/libtock.a(console.o)
 .bss.putstr_tail
                0x00000a2c        0x4 ../../libtock-c/libtock/build/cortex-m4/libtock.a(console.o)
 .bss           0x00000a30        0x0 ../../libtock-c/newlib/cortex-m/v7-m/libc.a(lib_a-errno.o)
 .bss           0x00000a30        0x0 ../../libtock-c/newlib/cortex-m/v7-m/libc.a(lib_a-malloc.o)
 .bss           0x00000a30        0x0 ../../libtock-c/newlib/cortex-m/v7-m/libc.a(lib_a-strncpy.o)
 *(.sbss*)
 *(COMMON)
 COMMON         0x00000a30        0x4 ../../libtock-c/newlib/cortex-m/v7-m/libc.a(lib_a-reent.o)
                0x00000a30                errno
                0x00000a34                . = ALIGN (0x4)

.endflash       0x80000f60        0x0
                [!provide]                PROVIDE (__exidx_start = .)

.ARM.exidx
 *(.ARM.exidx* .gnu.linkonce.armexidx.*)
                [!provide]                PROVIDE (__exidx_end = .)
                0x00000001                ASSERT ((_got <= _bss), 
The GOT section must be before the BSS section for crt0 setup to be correct.)
                0x00000001                ASSERT ((_data <= _bss), 
The data section must be before the BSS section for crt0 setup to be correct.)
OUTPUT(build/cortex-m4/cortex-m4.elf elf32-littlearm)
LOAD linker stubs

.GCC.command.line
                0x00000000      0x6cb
 .GCC.command.line
                0x00000000      0x438 build/cortex-m4/main.o
 .GCC.command.line
                0x00000438       0x5d ../../libtock-c/libtock/build/cortex-m4/libtock.a(crt0.o)
                                0x468 (size before relaxing)
 .GCC.command.line
                0x00000495       0x5d ../../libtock-c/libtock/build/cortex-m4/libtock.a(tock.o)
                                0x468 (size before relaxing)
 .GCC.command.line
                0x000004f2      0x11b ../drivers/build/cortex-m4/drivers.a(example_driver.o)
                                0x42f (size before relaxing)
 .GCC.command.line
                0x0000060d       0x5b ../../libtock-c/libtock/build/cortex-m4/libtock.a(sys.o)
                                0x466 (size before relaxing)
 .GCC.command.line
                0x00000668       0x63 ../../libtock-c/libtock/build/cortex-m4/libtock.a(console.o)
                                0x46e (size before relaxing)

.comment        0x00000000       0xca
 .comment       0x00000000       0x51 build/cortex-m4/main.o
                                 0x52 (size before relaxing)
 .comment       0x00000051       0x52 ../../libtock-c/libtock/build/cortex-m4/libtock.a(crt0.o)
 .comment       0x00000051       0x52 ../../libtock-c/libtock/build/cortex-m4/libtock.a(tock.o)
 .comment       0x00000051       0x52 ../drivers/build/cortex-m4/drivers.a(example_driver.o)
 .comment       0x00000051       0x79 ../../libtock-c/newlib/cortex-m/v7-m/libc.a(lib_a-exit.o)
                                 0x7a (size before relaxing)
 .comment       0x000000ca       0x7a ../../libtock-c/newlib/cortex-m/v7-m/libc.a(lib_a-impure.o)
 .comment       0x000000ca       0x7a ../../libtock-c/newlib/cortex-m/v7-m/libc.a(lib_a-memcpy-stub.o)
 .comment       0x000000ca       0x7a ../../libtock-c/newlib/cortex-m/v7-m/libc.a(lib_a-memset.o)
 .comment       0x000000ca       0x7a ../../libtock-c/newlib/cortex-m/v7-m/libc.a(lib_a-printf.o)
 .comment       0x000000ca       0x7a ../../libtock-c/newlib/cortex-m/v7-m/libc.a(lib_a-puts.o)
 .comment       0x000000ca       0x7a ../../libtock-c/newlib/cortex-m/v7-m/libc.a(lib_a-wbuf.o)
 .comment       0x000000ca       0x7a ../../libtock-c/newlib/cortex-m/v7-m/libc.a(lib_a-wsetup.o)
 .comment       0x000000ca       0x7a ../../libtock-c/newlib/cortex-m/v7-m/libc.a(lib_a-fflush.o)
 .comment       0x000000ca       0x7a ../../libtock-c/newlib/cortex-m/v7-m/libc.a(lib_a-findfp.o)
 .comment       0x000000ca       0x7a ../../libtock-c/newlib/cortex-m/v7-m/libc.a(lib_a-fwalk.o)
 .comment       0x000000ca       0x7a ../../libtock-c/newlib/cortex-m/v7-m/libc.a(lib_a-makebuf.o)
 .comment       0x000000ca       0x7a ../../libtock-c/newlib/cortex-m/v7-m/libc.a(lib_a-nano-freer.o)
 .comment       0x000000ca       0x7a ../../libtock-c/newlib/cortex-m/v7-m/libc.a(lib_a-nano-mallocr.o)
 .comment       0x000000ca       0x7a ../../libtock-c/newlib/cortex-m/v7-m/libc.a(lib_a-nano-vfprintf.o)
 .comment       0x000000ca       0x7a ../../libtock-c/newlib/cortex-m/v7-m/libc.a(lib_a-nano-vfprintf_i.o)
 .comment       0x000000ca       0x7a ../../libtock-c/newlib/cortex-m/v7-m/libc.a(lib_a-sbrkr.o)
 .comment       0x000000ca       0x7a ../../libtock-c/newlib/cortex-m/v7-m/libc.a(lib_a-stdio.o)
 .comment       0x000000ca       0x7a ../../libtock-c/newlib/cortex-m/v7-m/libc.a(lib_a-writer.o)
 .comment       0x000000ca       0x7a ../../libtock-c/newlib/cortex-m/v7-m/libc.a(lib_a-closer.o)
 .comment       0x000000ca       0x7a ../../libtock-c/newlib/cortex-m/v7-m/libc.a(lib_a-fstatr.o)
 .comment       0x000000ca       0x7a ../../libtock-c/newlib/cortex-m/v7-m/libc.a(lib_a-fvwrite.o)
 .comment       0x000000ca       0x7a ../../libtock-c/newlib/cortex-m/v7-m/libc.a(lib_a-isattyr.o)
 .comment       0x000000ca       0x7a ../../libtock-c/newlib/cortex-m/v7-m/libc.a(lib_a-lseekr.o)
 .comment       0x000000ca       0x7a ../../libtock-c/newlib/cortex-m/v7-m/libc.a(lib_a-memchr-stub.o)
 .comment       0x000000ca       0x7a ../../libtock-c/newlib/cortex-m/v7-m/libc.a(lib_a-memmove.o)
 .comment       0x000000ca       0x7a ../../libtock-c/newlib/cortex-m/v7-m/libc.a(lib_a-mlock.o)
 .comment       0x000000ca       0x7a ../../libtock-c/newlib/cortex-m/v7-m/libc.a(lib_a-nano-reallocr.o)
 .comment       0x000000ca       0x7a ../../libtock-c/newlib/cortex-m/v7-m/libc.a(lib_a-readr.o)
 .comment       0x000000ca       0x7a ../../libtock-c/newlib/cortex-m/v7-m/libc.a(lib_a-reent.o)
 .comment       0x000000ca       0x7a ../../libtock-c/newlib/cortex-m/v7-m/libc.a(lib_a-nano-msizer.o)
 .comment       0x000000ca       0x52 ../../libtock-c/libtock/build/cortex-m4/libtock.a(sys.o)
 .comment       0x000000ca       0x52 ../../libtock-c/libtock/build/cortex-m4/libtock.a(console.o)
 .comment       0x000000ca       0x7a ../../libtock-c/newlib/cortex-m/v7-m/libc.a(lib_a-errno.o)
 .comment       0x000000ca       0x7a ../../libtock-c/newlib/cortex-m/v7-m/libc.a(lib_a-malloc.o)
 .comment       0x000000ca       0x7a ../../libtock-c/newlib/cortex-m/v7-m/libc.a(lib_a-strncpy.o)

.ARM.attributes
                0x00000000       0x2e
 .ARM.attributes
                0x00000000       0x2e build/cortex-m4/main.o
 .ARM.attributes
                0x0000002e       0x2e ../../libtock-c/libtock/build/cortex-m4/libtock.a(crt0.o)
 .ARM.attributes
                0x0000005c       0x2e ../../libtock-c/libtock/build/cortex-m4/libtock.a(tock.o)
 .ARM.attributes
                0x0000008a       0x2e ../drivers/build/cortex-m4/drivers.a(example_driver.o)
 .ARM.attributes
                0x000000b8       0x2d ../../libtock-c/newlib/cortex-m/v7-m/libc.a(lib_a-exit.o)
 .ARM.attributes
                0x000000e5       0x2d ../../libtock-c/newlib/cortex-m/v7-m/libc.a(lib_a-impure.o)
 .ARM.attributes
                0x00000112       0x2d ../../libtock-c/newlib/cortex-m/v7-m/libc.a(lib_a-memcpy-stub.o)
 .ARM.attributes
                0x0000013f       0x2d ../../libtock-c/newlib/cortex-m/v7-m/libc.a(lib_a-memset.o)
 .ARM.attributes
                0x0000016c       0x2d ../../libtock-c/newlib/cortex-m/v7-m/libc.a(lib_a-printf.o)
 .ARM.attributes
                0x00000199       0x2d ../../libtock-c/newlib/cortex-m/v7-m/libc.a(lib_a-puts.o)
 .ARM.attributes
                0x000001c6       0x2d ../../libtock-c/newlib/cortex-m/v7-m/libc.a(lib_a-wbuf.o)
 .ARM.attributes
                0x000001f3       0x2d ../../libtock-c/newlib/cortex-m/v7-m/libc.a(lib_a-wsetup.o)
 .ARM.attributes
                0x00000220       0x2d ../../libtock-c/newlib/cortex-m/v7-m/libc.a(lib_a-fflush.o)
 .ARM.attributes
                0x0000024d       0x2d ../../libtock-c/newlib/cortex-m/v7-m/libc.a(lib_a-findfp.o)
 .ARM.attributes
                0x0000027a       0x2d ../../libtock-c/newlib/cortex-m/v7-m/libc.a(lib_a-fwalk.o)
 .ARM.attributes
                0x000002a7       0x2d ../../libtock-c/newlib/cortex-m/v7-m/libc.a(lib_a-makebuf.o)
 .ARM.attributes
                0x000002d4       0x2d ../../libtock-c/newlib/cortex-m/v7-m/libc.a(lib_a-nano-freer.o)
 .ARM.attributes
                0x00000301       0x2d ../../libtock-c/newlib/cortex-m/v7-m/libc.a(lib_a-nano-mallocr.o)
 .ARM.attributes
                0x0000032e       0x2d ../../libtock-c/newlib/cortex-m/v7-m/libc.a(lib_a-nano-vfprintf.o)
 .ARM.attributes
                0x0000035b       0x2d ../../libtock-c/newlib/cortex-m/v7-m/libc.a(lib_a-nano-vfprintf_i.o)
 .ARM.attributes
                0x00000388       0x2d ../../libtock-c/newlib/cortex-m/v7-m/libc.a(lib_a-sbrkr.o)
 .ARM.attributes
                0x000003b5       0x2d ../../libtock-c/newlib/cortex-m/v7-m/libc.a(lib_a-stdio.o)
 .ARM.attributes
                0x000003e2       0x2d ../../libtock-c/newlib/cortex-m/v7-m/libc.a(lib_a-writer.o)
 .ARM.attributes
                0x0000040f       0x2d ../../libtock-c/newlib/cortex-m/v7-m/libc.a(lib_a-closer.o)
 .ARM.attributes
                0x0000043c       0x2d ../../libtock-c/newlib/cortex-m/v7-m/libc.a(lib_a-fstatr.o)
 .ARM.attributes
                0x00000469       0x2d ../../libtock-c/newlib/cortex-m/v7-m/libc.a(lib_a-fvwrite.o)
 .ARM.attributes
                0x00000496       0x2d ../../libtock-c/newlib/cortex-m/v7-m/libc.a(lib_a-isattyr.o)
 .ARM.attributes
                0x000004c3       0x2d ../../libtock-c/newlib/cortex-m/v7-m/libc.a(lib_a-lseekr.o)
 .ARM.attributes
                0x000004f0       0x2d ../../libtock-c/newlib/cortex-m/v7-m/libc.a(lib_a-memchr-stub.o)
 .ARM.attributes
                0x0000051d       0x2d ../../libtock-c/newlib/cortex-m/v7-m/libc.a(lib_a-memmove.o)
 .ARM.attributes
                0x0000054a       0x2d ../../libtock-c/newlib/cortex-m/v7-m/libc.a(lib_a-mlock.o)
 .ARM.attributes
                0x00000577       0x2d ../../libtock-c/newlib/cortex-m/v7-m/libc.a(lib_a-nano-reallocr.o)
 .ARM.attributes
                0x000005a4       0x2d ../../libtock-c/newlib/cortex-m/v7-m/libc.a(lib_a-readr.o)
 .ARM.attributes
                0x000005d1       0x2d ../../libtock-c/newlib/cortex-m/v7-m/libc.a(lib_a-reent.o)
 .ARM.attributes
                0x000005fe       0x2d ../../libtock-c/newlib/cortex-m/v7-m/libc.a(lib_a-nano-msizer.o)
 .ARM.attributes
                0x0000062b       0x2e ../../libtock-c/libtock/build/cortex-m4/libtock.a(sys.o)
 .ARM.attributes
                0x00000659       0x2e ../../libtock-c/libtock/build/cortex-m4/libtock.a(console.o)
 .ARM.attributes
                0x00000687       0x2d ../../libtock-c/newlib/cortex-m/v7-m/libc.a(lib_a-errno.o)
 .ARM.attributes
                0x000006b4       0x2d ../../libtock-c/newlib/cortex-m/v7-m/libc.a(lib_a-malloc.o)
 .ARM.attributes
                0x000006e1       0x2d ../../libtock-c/newlib/cortex-m/v7-m/libc.a(lib_a-strncpy.o)

.debug_info     0x00000000    0x20b92
 .debug_info    0x00000000      0xa3a build/cortex-m4/main.o
 .debug_info    0x00000a3a      0xde1 ../../libtock-c/libtock/build/cortex-m4/libtock.a(crt0.o)
 .debug_info    0x0000181b     0x1c31 ../../libtock-c/libtock/build/cortex-m4/libtock.a(tock.o)
 .debug_info    0x0000344c      0xa0a ../drivers/build/cortex-m4/drivers.a(example_driver.o)
 .debug_info    0x00003e56      0x9e7 ../../libtock-c/newlib/cortex-m/v7-m/libc.a(lib_a-exit.o)
 .debug_info    0x0000483d      0x92a ../../libtock-c/newlib/cortex-m/v7-m/libc.a(lib_a-impure.o)
 .debug_info    0x00005167      0xf0c ../../libtock-c/newlib/cortex-m/v7-m/libc.a(lib_a-memcpy-stub.o)
 .debug_info    0x00006073      0xec5 ../../libtock-c/newlib/cortex-m/v7-m/libc.a(lib_a-memset.o)
 .debug_info    0x00006f38      0xc6e ../../libtock-c/newlib/cortex-m/v7-m/libc.a(lib_a-printf.o)
 .debug_info    0x00007ba6      0xd2b ../../libtock-c/newlib/cortex-m/v7-m/libc.a(lib_a-puts.o)
 .debug_info    0x000088d1      0xc97 ../../libtock-c/newlib/cortex-m/v7-m/libc.a(lib_a-wbuf.o)
 .debug_info    0x00009568      0xbfa ../../libtock-c/newlib/cortex-m/v7-m/libc.a(lib_a-wsetup.o)
 .debug_info    0x0000a162      0xd64 ../../libtock-c/newlib/cortex-m/v7-m/libc.a(lib_a-fflush.o)
 .debug_info    0x0000aec6     0x10b5 ../../libtock-c/newlib/cortex-m/v7-m/libc.a(lib_a-findfp.o)
 .debug_info    0x0000bf7b      0xca4 ../../libtock-c/newlib/cortex-m/v7-m/libc.a(lib_a-fwalk.o)
 .debug_info    0x0000cc1f      0xf55 ../../libtock-c/newlib/cortex-m/v7-m/libc.a(lib_a-makebuf.o)
 .debug_info    0x0000db74      0xb59 ../../libtock-c/newlib/cortex-m/v7-m/libc.a(lib_a-nano-freer.o)
 .debug_info    0x0000e6cd      0xc85 ../../libtock-c/newlib/cortex-m/v7-m/libc.a(lib_a-nano-mallocr.o)
 .debug_info    0x0000f352     0x1708 ../../libtock-c/newlib/cortex-m/v7-m/libc.a(lib_a-nano-vfprintf.o)
 .debug_info    0x00010a5a     0x1562 ../../libtock-c/newlib/cortex-m/v7-m/libc.a(lib_a-nano-vfprintf_i.o)
 .debug_info    0x00011fbc      0x9fb ../../libtock-c/newlib/cortex-m/v7-m/libc.a(lib_a-sbrkr.o)
 .debug_info    0x000129b7      0xe6d ../../libtock-c/newlib/cortex-m/v7-m/libc.a(lib_a-stdio.o)
 .debug_info    0x00013824      0xa2d ../../libtock-c/newlib/cortex-m/v7-m/libc.a(lib_a-writer.o)
 .debug_info    0x00014251      0x9d8 ../../libtock-c/newlib/cortex-m/v7-m/libc.a(lib_a-closer.o)
 .debug_info    0x00014c29      0xc24 ../../libtock-c/newlib/cortex-m/v7-m/libc.a(lib_a-fstatr.o)
 .debug_info    0x0001584d      0xf0e ../../libtock-c/newlib/cortex-m/v7-m/libc.a(lib_a-fvwrite.o)
 .debug_info    0x0001675b      0x9d8 ../../libtock-c/newlib/cortex-m/v7-m/libc.a(lib_a-isattyr.o)
 .debug_info    0x00017133      0xa0e ../../libtock-c/newlib/cortex-m/v7-m/libc.a(lib_a-lseekr.o)
 .debug_info    0x00017b41      0x9a3 ../../libtock-c/newlib/cortex-m/v7-m/libc.a(lib_a-memchr-stub.o)
 .debug_info    0x000184e4      0xeee ../../libtock-c/newlib/cortex-m/v7-m/libc.a(lib_a-memmove.o)
 .debug_info    0x000193d2      0x961 ../../libtock-c/newlib/cortex-m/v7-m/libc.a(lib_a-mlock.o)
 .debug_info    0x00019d33      0xb96 ../../libtock-c/newlib/cortex-m/v7-m/libc.a(lib_a-nano-reallocr.o)
 .debug_info    0x0001a8c9      0xa26 ../../libtock-c/newlib/cortex-m/v7-m/libc.a(lib_a-readr.o)
 .debug_info    0x0001b2ef      0xb07 ../../libtock-c/newlib/cortex-m/v7-m/libc.a(lib_a-reent.o)
 .debug_info    0x0001bdf6      0xaa6 ../../libtock-c/newlib/cortex-m/v7-m/libc.a(lib_a-nano-msizer.o)
 .debug_info    0x0001c89c     0x10b3 ../../libtock-c/libtock/build/cortex-m4/libtock.a(sys.o)
 .debug_info    0x0001d94f     0x15a5 ../../libtock-c/libtock/build/cortex-m4/libtock.a(console.o)
 .debug_info    0x0001eef4      0x953 ../../libtock-c/newlib/cortex-m/v7-m/libc.a(lib_a-errno.o)
 .debug_info    0x0001f847      0x9b6 ../../libtock-c/newlib/cortex-m/v7-m/libc.a(lib_a-malloc.o)
 .debug_info    0x000201fd      0x995 ../../libtock-c/newlib/cortex-m/v7-m/libc.a(lib_a-strncpy.o)

.debug_abbrev   0x00000000     0x5cc6
 .debug_abbrev  0x00000000      0x1d1 build/cortex-m4/main.o
 .debug_abbrev  0x000001d1      0x27f ../../libtock-c/libtock/build/cortex-m4/libtock.a(crt0.o)
 .debug_abbrev  0x00000450      0x471 ../../libtock-c/libtock/build/cortex-m4/libtock.a(tock.o)
 .debug_abbrev  0x000008c1      0x19c ../drivers/build/cortex-m4/drivers.a(example_driver.o)
 .debug_abbrev  0x00000a5d      0x1f6 ../../libtock-c/newlib/cortex-m/v7-m/libc.a(lib_a-exit.o)
 .debug_abbrev  0x00000c53      0x17a ../../libtock-c/newlib/cortex-m/v7-m/libc.a(lib_a-impure.o)
 .debug_abbrev  0x00000dcd      0x1e3 ../../libtock-c/newlib/cortex-m/v7-m/libc.a(lib_a-memcpy-stub.o)
 .debug_abbrev  0x00000fb0      0x1c3 ../../libtock-c/newlib/cortex-m/v7-m/libc.a(lib_a-memset.o)
 .debug_abbrev  0x00001173      0x294 ../../libtock-c/newlib/cortex-m/v7-m/libc.a(lib_a-printf.o)
 .debug_abbrev  0x00001407      0x2e0 ../../libtock-c/newlib/cortex-m/v7-m/libc.a(lib_a-puts.o)
 .debug_abbrev  0x000016e7      0x27a ../../libtock-c/newlib/cortex-m/v7-m/libc.a(lib_a-wbuf.o)
 .debug_abbrev  0x00001961      0x23a ../../libtock-c/newlib/cortex-m/v7-m/libc.a(lib_a-wsetup.o)
 .debug_abbrev  0x00001b9b      0x2e2 ../../libtock-c/newlib/cortex-m/v7-m/libc.a(lib_a-fflush.o)
 .debug_abbrev  0x00001e7d      0x3cf ../../libtock-c/newlib/cortex-m/v7-m/libc.a(lib_a-findfp.o)
 .debug_abbrev  0x0000224c      0x210 ../../libtock-c/newlib/cortex-m/v7-m/libc.a(lib_a-fwalk.o)
 .debug_abbrev  0x0000245c      0x2f6 ../../libtock-c/newlib/cortex-m/v7-m/libc.a(lib_a-makebuf.o)
 .debug_abbrev  0x00002752      0x271 ../../libtock-c/newlib/cortex-m/v7-m/libc.a(lib_a-nano-freer.o)
 .debug_abbrev  0x000029c3      0x2dc ../../libtock-c/newlib/cortex-m/v7-m/libc.a(lib_a-nano-mallocr.o)
 .debug_abbrev  0x00002c9f      0x319 ../../libtock-c/newlib/cortex-m/v7-m/libc.a(lib_a-nano-vfprintf.o)
 .debug_abbrev  0x00002fb8      0x2b2 ../../libtock-c/newlib/cortex-m/v7-m/libc.a(lib_a-nano-vfprintf_i.o)
 .debug_abbrev  0x0000326a      0x212 ../../libtock-c/newlib/cortex-m/v7-m/libc.a(lib_a-sbrkr.o)
 .debug_abbrev  0x0000347c      0x26c ../../libtock-c/newlib/cortex-m/v7-m/libc.a(lib_a-stdio.o)
 .debug_abbrev  0x000036e8      0x1ec ../../libtock-c/newlib/cortex-m/v7-m/libc.a(lib_a-writer.o)
 .debug_abbrev  0x000038d4      0x1e7 ../../libtock-c/newlib/cortex-m/v7-m/libc.a(lib_a-closer.o)
 .debug_abbrev  0x00003abb      0x1fb ../../libtock-c/newlib/cortex-m/v7-m/libc.a(lib_a-fstatr.o)
 .debug_abbrev  0x00003cb6      0x270 ../../libtock-c/newlib/cortex-m/v7-m/libc.a(lib_a-fvwrite.o)
 .debug_abbrev  0x00003f26      0x1e7 ../../libtock-c/newlib/cortex-m/v7-m/libc.a(lib_a-isattyr.o)
 .debug_abbrev  0x0000410d      0x1fb ../../libtock-c/newlib/cortex-m/v7-m/libc.a(lib_a-lseekr.o)
 .debug_abbrev  0x00004308      0x1c3 ../../libtock-c/newlib/cortex-m/v7-m/libc.a(lib_a-memchr-stub.o)
 .debug_abbrev  0x000044cb      0x1c8 ../../libtock-c/newlib/cortex-m/v7-m/libc.a(lib_a-memmove.o)
 .debug_abbrev  0x00004693      0x1c5 ../../libtock-c/newlib/cortex-m/v7-m/libc.a(lib_a-mlock.o)
 .debug_abbrev  0x00004858      0x24b ../../libtock-c/newlib/cortex-m/v7-m/libc.a(lib_a-nano-reallocr.o)
 .debug_abbrev  0x00004aa3      0x1e7 ../../libtock-c/newlib/cortex-m/v7-m/libc.a(lib_a-readr.o)
 .debug_abbrev  0x00004c8a      0x271 ../../libtock-c/newlib/cortex-m/v7-m/libc.a(lib_a-reent.o)
 .debug_abbrev  0x00004efb      0x1e5 ../../libtock-c/newlib/cortex-m/v7-m/libc.a(lib_a-nano-msizer.o)
 .debug_abbrev  0x000050e0      0x2e8 ../../libtock-c/libtock/build/cortex-m4/libtock.a(sys.o)
 .debug_abbrev  0x000053c8      0x3b4 ../../libtock-c/libtock/build/cortex-m4/libtock.a(console.o)
 .debug_abbrev  0x0000577c      0x198 ../../libtock-c/newlib/cortex-m/v7-m/libc.a(lib_a-errno.o)
 .debug_abbrev  0x00005914      0x1f2 ../../libtock-c/newlib/cortex-m/v7-m/libc.a(lib_a-malloc.o)
 .debug_abbrev  0x00005b06      0x1c0 ../../libtock-c/newlib/cortex-m/v7-m/libc.a(lib_a-strncpy.o)

.debug_loc      0x00000000     0x504d
 .debug_loc     0x00000000       0x20 build/cortex-m4/main.o
 .debug_loc     0x00000020      0x360 ../../libtock-c/libtock/build/cortex-m4/libtock.a(crt0.o)
 .debug_loc     0x00000380      0xed7 ../../libtock-c/libtock/build/cortex-m4/libtock.a(tock.o)
 .debug_loc     0x00001257       0x22 ../../libtock-c/newlib/cortex-m/v7-m/libc.a(lib_a-exit.o)
 .debug_loc     0x00001279       0xd9 ../../libtock-c/newlib/cortex-m/v7-m/libc.a(lib_a-memcpy-stub.o)
 .debug_loc     0x00001352       0x53 ../../libtock-c/newlib/cortex-m/v7-m/libc.a(lib_a-memset.o)
 .debug_loc     0x000013a5       0x71 ../../libtock-c/newlib/cortex-m/v7-m/libc.a(lib_a-printf.o)
 .debug_loc     0x00001416      0x21e ../../libtock-c/newlib/cortex-m/v7-m/libc.a(lib_a-puts.o)
 .debug_loc     0x00001634      0x15b ../../libtock-c/newlib/cortex-m/v7-m/libc.a(lib_a-wbuf.o)
 .debug_loc     0x0000178f       0x66 ../../libtock-c/newlib/cortex-m/v7-m/libc.a(lib_a-wsetup.o)
 .debug_loc     0x000017f5      0x2e4 ../../libtock-c/newlib/cortex-m/v7-m/libc.a(lib_a-fflush.o)
 .debug_loc     0x00001ad9      0x261 ../../libtock-c/newlib/cortex-m/v7-m/libc.a(lib_a-findfp.o)
 .debug_loc     0x00001d3a      0x187 ../../libtock-c/newlib/cortex-m/v7-m/libc.a(lib_a-fwalk.o)
 .debug_loc     0x00001ec1      0x227 ../../libtock-c/newlib/cortex-m/v7-m/libc.a(lib_a-makebuf.o)
 .debug_loc     0x000020e8      0x152 ../../libtock-c/newlib/cortex-m/v7-m/libc.a(lib_a-nano-freer.o)
 .debug_loc     0x0000223a      0x374 ../../libtock-c/newlib/cortex-m/v7-m/libc.a(lib_a-nano-mallocr.o)
 .debug_loc     0x000025ae      0x642 ../../libtock-c/newlib/cortex-m/v7-m/libc.a(lib_a-nano-vfprintf.o)
 .debug_loc     0x00002bf0      0x4f9 ../../libtock-c/newlib/cortex-m/v7-m/libc.a(lib_a-nano-vfprintf_i.o)
 .debug_loc     0x000030e9       0x6c ../../libtock-c/newlib/cortex-m/v7-m/libc.a(lib_a-sbrkr.o)
 .debug_loc     0x00003155      0x345 ../../libtock-c/newlib/cortex-m/v7-m/libc.a(lib_a-stdio.o)
 .debug_loc     0x0000349a       0xd0 ../../libtock-c/newlib/cortex-m/v7-m/libc.a(lib_a-writer.o)
 .debug_loc     0x0000356a       0x6c ../../libtock-c/newlib/cortex-m/v7-m/libc.a(lib_a-closer.o)
 .debug_loc     0x000035d6       0x9e ../../libtock-c/newlib/cortex-m/v7-m/libc.a(lib_a-fstatr.o)
 .debug_loc     0x00003674      0x67e ../../libtock-c/newlib/cortex-m/v7-m/libc.a(lib_a-fvwrite.o)
 .debug_loc     0x00003cf2       0x6c ../../libtock-c/newlib/cortex-m/v7-m/libc.a(lib_a-isattyr.o)
 .debug_loc     0x00003d5e       0xd0 ../../libtock-c/newlib/cortex-m/v7-m/libc.a(lib_a-lseekr.o)
 .debug_loc     0x00003e2e      0x10f ../../libtock-c/newlib/cortex-m/v7-m/libc.a(lib_a-memchr-stub.o)
 .debug_loc     0x00003f3d      0x1b1 ../../libtock-c/newlib/cortex-m/v7-m/libc.a(lib_a-memmove.o)
 .debug_loc     0x000040ee      0x18b ../../libtock-c/newlib/cortex-m/v7-m/libc.a(lib_a-nano-reallocr.o)
 .debug_loc     0x00004279       0xd0 ../../libtock-c/newlib/cortex-m/v7-m/libc.a(lib_a-readr.o)
 .debug_loc     0x00004349      0x138 ../../libtock-c/newlib/cortex-m/v7-m/libc.a(lib_a-reent.o)
 .debug_loc     0x00004481       0x86 ../../libtock-c/newlib/cortex-m/v7-m/libc.a(lib_a-nano-msizer.o)
 .debug_loc     0x00004507      0x26c ../../libtock-c/libtock/build/cortex-m4/libtock.a(sys.o)
 .debug_loc     0x00004773      0x7a4 ../../libtock-c/libtock/build/cortex-m4/libtock.a(console.o)
 .debug_loc     0x00004f17       0x64 ../../libtock-c/newlib/cortex-m/v7-m/libc.a(lib_a-malloc.o)
 .debug_loc     0x00004f7b       0xd2 ../../libtock-c/newlib/cortex-m/v7-m/libc.a(lib_a-strncpy.o)

.debug_aranges  0x00000000      0x758
 .debug_aranges
                0x00000000       0x20 build/cortex-m4/main.o
 .debug_aranges
                0x00000020       0x30 ../../libtock-c/libtock/build/cortex-m4/libtock.a(crt0.o)
 .debug_aranges
                0x00000050      0x108 ../../libtock-c/libtock/build/cortex-m4/libtock.a(tock.o)
 .debug_aranges
                0x00000158       0x20 ../drivers/build/cortex-m4/drivers.a(example_driver.o)
 .debug_aranges
                0x00000178       0x20 ../../libtock-c/newlib/cortex-m/v7-m/libc.a(lib_a-exit.o)
 .debug_aranges
                0x00000198       0x18 ../../libtock-c/newlib/cortex-m/v7-m/libc.a(lib_a-impure.o)
 .debug_aranges
                0x000001b0       0x20 ../../libtock-c/newlib/cortex-m/v7-m/libc.a(lib_a-memcpy-stub.o)
 .debug_aranges
                0x000001d0       0x20 ../../libtock-c/newlib/cortex-m/v7-m/libc.a(lib_a-memset.o)
 .debug_aranges
                0x000001f0       0x28 ../../libtock-c/newlib/cortex-m/v7-m/libc.a(lib_a-printf.o)
 .debug_aranges
                0x00000218       0x28 ../../libtock-c/newlib/cortex-m/v7-m/libc.a(lib_a-puts.o)
 .debug_aranges
                0x00000240       0x28 ../../libtock-c/newlib/cortex-m/v7-m/libc.a(lib_a-wbuf.o)
 .debug_aranges
                0x00000268       0x20 ../../libtock-c/newlib/cortex-m/v7-m/libc.a(lib_a-wsetup.o)
 .debug_aranges
                0x00000288       0x30 ../../libtock-c/newlib/cortex-m/v7-m/libc.a(lib_a-fflush.o)
 .debug_aranges
                0x000002b8       0x68 ../../libtock-c/newlib/cortex-m/v7-m/libc.a(lib_a-findfp.o)
 .debug_aranges
                0x00000320       0x28 ../../libtock-c/newlib/cortex-m/v7-m/libc.a(lib_a-fwalk.o)
 .debug_aranges
                0x00000348       0x28 ../../libtock-c/newlib/cortex-m/v7-m/libc.a(lib_a-makebuf.o)
 .debug_aranges
                0x00000370       0x20 ../../libtock-c/newlib/cortex-m/v7-m/libc.a(lib_a-nano-freer.o)
 .debug_aranges
                0x00000390       0x20 ../../libtock-c/newlib/cortex-m/v7-m/libc.a(lib_a-nano-mallocr.o)
 .debug_aranges
                0x000003b0       0x40 ../../libtock-c/newlib/cortex-m/v7-m/libc.a(lib_a-nano-vfprintf.o)
 .debug_aranges
                0x000003f0       0x28 ../../libtock-c/newlib/cortex-m/v7-m/libc.a(lib_a-nano-vfprintf_i.o)
 .debug_aranges
                0x00000418       0x20 ../../libtock-c/newlib/cortex-m/v7-m/libc.a(lib_a-sbrkr.o)
 .debug_aranges
                0x00000438       0x40 ../../libtock-c/newlib/cortex-m/v7-m/libc.a(lib_a-stdio.o)
 .debug_aranges
                0x00000478       0x20 ../../libtock-c/newlib/cortex-m/v7-m/libc.a(lib_a-writer.o)
 .debug_aranges
                0x00000498       0x20 ../../libtock-c/newlib/cortex-m/v7-m/libc.a(lib_a-closer.o)
 .debug_aranges
                0x000004b8       0x20 ../../libtock-c/newlib/cortex-m/v7-m/libc.a(lib_a-fstatr.o)
 .debug_aranges
                0x000004d8       0x20 ../../libtock-c/newlib/cortex-m/v7-m/libc.a(lib_a-fvwrite.o)
 .debug_aranges
                0x000004f8       0x20 ../../libtock-c/newlib/cortex-m/v7-m/libc.a(lib_a-isattyr.o)
 .debug_aranges
                0x00000518       0x20 ../../libtock-c/newlib/cortex-m/v7-m/libc.a(lib_a-lseekr.o)
 .debug_aranges
                0x00000538       0x20 ../../libtock-c/newlib/cortex-m/v7-m/libc.a(lib_a-memchr-stub.o)
 .debug_aranges
                0x00000558       0x20 ../../libtock-c/newlib/cortex-m/v7-m/libc.a(lib_a-memmove.o)
 .debug_aranges
                0x00000578       0x20 ../../libtock-c/newlib/cortex-m/v7-m/libc.a(lib_a-mlock.o)
 .debug_aranges
                0x00000598       0x20 ../../libtock-c/newlib/cortex-m/v7-m/libc.a(lib_a-nano-reallocr.o)
 .debug_aranges
                0x000005b8       0x20 ../../libtock-c/newlib/cortex-m/v7-m/libc.a(lib_a-readr.o)
 .debug_aranges
                0x000005d8       0x28 ../../libtock-c/newlib/cortex-m/v7-m/libc.a(lib_a-reent.o)
 .debug_aranges
                0x00000600       0x20 ../../libtock-c/newlib/cortex-m/v7-m/libc.a(lib_a-nano-msizer.o)
 .debug_aranges
                0x00000620       0x78 ../../libtock-c/libtock/build/cortex-m4/libtock.a(sys.o)
 .debug_aranges
                0x00000698       0x58 ../../libtock-c/libtock/build/cortex-m4/libtock.a(console.o)
 .debug_aranges
                0x000006f0       0x20 ../../libtock-c/newlib/cortex-m/v7-m/libc.a(lib_a-errno.o)
 .debug_aranges
                0x00000710       0x28 ../../libtock-c/newlib/cortex-m/v7-m/libc.a(lib_a-malloc.o)
 .debug_aranges
                0x00000738       0x20 ../../libtock-c/newlib/cortex-m/v7-m/libc.a(lib_a-strncpy.o)

.debug_ranges   0x00000000      0x770
 .debug_ranges  0x00000000       0x10 build/cortex-m4/main.o
 .debug_ranges  0x00000010       0x68 ../../libtock-c/libtock/build/cortex-m4/libtock.a(crt0.o)
 .debug_ranges  0x00000078       0xf8 ../../libtock-c/libtock/build/cortex-m4/libtock.a(tock.o)
 .debug_ranges  0x00000170       0x10 ../drivers/build/cortex-m4/drivers.a(example_driver.o)
 .debug_ranges  0x00000180       0x10 ../../libtock-c/newlib/cortex-m/v7-m/libc.a(lib_a-exit.o)
 .debug_ranges  0x00000190       0x10 ../../libtock-c/newlib/cortex-m/v7-m/libc.a(lib_a-memcpy-stub.o)
 .debug_ranges  0x000001a0       0x10 ../../libtock-c/newlib/cortex-m/v7-m/libc.a(lib_a-memset.o)
 .debug_ranges  0x000001b0       0x18 ../../libtock-c/newlib/cortex-m/v7-m/libc.a(lib_a-printf.o)
 .debug_ranges  0x000001c8       0x68 ../../libtock-c/newlib/cortex-m/v7-m/libc.a(lib_a-puts.o)
 .debug_ranges  0x00000230       0x38 ../../libtock-c/newlib/cortex-m/v7-m/libc.a(lib_a-wbuf.o)
 .debug_ranges  0x00000268       0x40 ../../libtock-c/newlib/cortex-m/v7-m/libc.a(lib_a-wsetup.o)
 .debug_ranges  0x000002a8       0x68 ../../libtock-c/newlib/cortex-m/v7-m/libc.a(lib_a-fflush.o)
 .debug_ranges  0x00000310       0x70 ../../libtock-c/newlib/cortex-m/v7-m/libc.a(lib_a-findfp.o)
 .debug_ranges  0x00000380       0x18 ../../libtock-c/newlib/cortex-m/v7-m/libc.a(lib_a-fwalk.o)
 .debug_ranges  0x00000398       0x30 ../../libtock-c/newlib/cortex-m/v7-m/libc.a(lib_a-makebuf.o)
 .debug_ranges  0x000003c8       0x10 ../../libtock-c/newlib/cortex-m/v7-m/libc.a(lib_a-nano-freer.o)
 .debug_ranges  0x000003d8       0x48 ../../libtock-c/newlib/cortex-m/v7-m/libc.a(lib_a-nano-mallocr.o)
 .debug_ranges  0x00000420       0x58 ../../libtock-c/newlib/cortex-m/v7-m/libc.a(lib_a-nano-vfprintf.o)
 .debug_ranges  0x00000478       0x90 ../../libtock-c/newlib/cortex-m/v7-m/libc.a(lib_a-nano-vfprintf_i.o)
 .debug_ranges  0x00000508       0x10 ../../libtock-c/newlib/cortex-m/v7-m/libc.a(lib_a-sbrkr.o)
 .debug_ranges  0x00000518       0x30 ../../libtock-c/newlib/cortex-m/v7-m/libc.a(lib_a-stdio.o)
 .debug_ranges  0x00000548       0x10 ../../libtock-c/newlib/cortex-m/v7-m/libc.a(lib_a-writer.o)
 .debug_ranges  0x00000558       0x10 ../../libtock-c/newlib/cortex-m/v7-m/libc.a(lib_a-closer.o)
 .debug_ranges  0x00000568       0x10 ../../libtock-c/newlib/cortex-m/v7-m/libc.a(lib_a-fstatr.o)
 .debug_ranges  0x00000578       0x30 ../../libtock-c/newlib/cortex-m/v7-m/libc.a(lib_a-fvwrite.o)
 .debug_ranges  0x000005a8       0x10 ../../libtock-c/newlib/cortex-m/v7-m/libc.a(lib_a-isattyr.o)
 .debug_ranges  0x000005b8       0x10 ../../libtock-c/newlib/cortex-m/v7-m/libc.a(lib_a-lseekr.o)
 .debug_ranges  0x000005c8       0x10 ../../libtock-c/newlib/cortex-m/v7-m/libc.a(lib_a-memchr-stub.o)
 .debug_ranges  0x000005d8       0x10 ../../libtock-c/newlib/cortex-m/v7-m/libc.a(lib_a-memmove.o)
 .debug_ranges  0x000005e8       0x10 ../../libtock-c/newlib/cortex-m/v7-m/libc.a(lib_a-mlock.o)
 .debug_ranges  0x000005f8       0x10 ../../libtock-c/newlib/cortex-m/v7-m/libc.a(lib_a-nano-reallocr.o)
 .debug_ranges  0x00000608       0x10 ../../libtock-c/newlib/cortex-m/v7-m/libc.a(lib_a-readr.o)
 .debug_ranges  0x00000618       0x30 ../../libtock-c/newlib/cortex-m/v7-m/libc.a(lib_a-reent.o)
 .debug_ranges  0x00000648       0x10 ../../libtock-c/newlib/cortex-m/v7-m/libc.a(lib_a-nano-msizer.o)
 .debug_ranges  0x00000658       0x68 ../../libtock-c/libtock/build/cortex-m4/libtock.a(sys.o)
 .debug_ranges  0x000006c0       0x78 ../../libtock-c/libtock/build/cortex-m4/libtock.a(console.o)
 .debug_ranges  0x00000738       0x10 ../../libtock-c/newlib/cortex-m/v7-m/libc.a(lib_a-errno.o)
 .debug_ranges  0x00000748       0x18 ../../libtock-c/newlib/cortex-m/v7-m/libc.a(lib_a-malloc.o)
 .debug_ranges  0x00000760       0x10 ../../libtock-c/newlib/cortex-m/v7-m/libc.a(lib_a-strncpy.o)

.debug_line     0x00000000     0x736f
 .debug_line    0x00000000       0xe2 build/cortex-m4/main.o
 .debug_line    0x000000e2      0x25f ../../libtock-c/libtock/build/cortex-m4/libtock.a(crt0.o)
 .debug_line    0x00000341      0x86c ../../libtock-c/libtock/build/cortex-m4/libtock.a(tock.o)
 .debug_line    0x00000bad       0xb1 ../drivers/build/cortex-m4/drivers.a(example_driver.o)
 .debug_line    0x00000c5e      0x1c8 ../../libtock-c/newlib/cortex-m/v7-m/libc.a(lib_a-exit.o)
 .debug_line    0x00000e26      0x131 ../../libtock-c/newlib/cortex-m/v7-m/libc.a(lib_a-impure.o)
 .debug_line    0x00000f57      0x248 ../../libtock-c/newlib/cortex-m/v7-m/libc.a(lib_a-memcpy-stub.o)
 .debug_line    0x0000119f      0x22d ../../libtock-c/newlib/cortex-m/v7-m/libc.a(lib_a-memset.o)
 .debug_line    0x000013cc      0x296 ../../libtock-c/newlib/cortex-m/v7-m/libc.a(lib_a-printf.o)
 .debug_line    0x00001662      0x34d ../../libtock-c/newlib/cortex-m/v7-m/libc.a(lib_a-puts.o)
 .debug_line    0x000019af      0x2f0 ../../libtock-c/newlib/cortex-m/v7-m/libc.a(lib_a-wbuf.o)
 .debug_line    0x00001c9f      0x325 ../../libtock-c/newlib/cortex-m/v7-m/libc.a(lib_a-wsetup.o)
 .debug_line    0x00001fc4      0x45f ../../libtock-c/newlib/cortex-m/v7-m/libc.a(lib_a-fflush.o)
 .debug_line    0x00002423      0x52c ../../libtock-c/newlib/cortex-m/v7-m/libc.a(lib_a-findfp.o)
 .debug_line    0x0000294f      0x2e7 ../../libtock-c/newlib/cortex-m/v7-m/libc.a(lib_a-fwalk.o)
 .debug_line    0x00002c36      0x3aa ../../libtock-c/newlib/cortex-m/v7-m/libc.a(lib_a-makebuf.o)
 .debug_line    0x00002fe0      0x2ea ../../libtock-c/newlib/cortex-m/v7-m/libc.a(lib_a-nano-freer.o)
 .debug_line    0x000032ca      0x38c ../../libtock-c/newlib/cortex-m/v7-m/libc.a(lib_a-nano-mallocr.o)
 .debug_line    0x00003656      0x71c ../../libtock-c/newlib/cortex-m/v7-m/libc.a(lib_a-nano-vfprintf.o)
 .debug_line    0x00003d72      0x757 ../../libtock-c/newlib/cortex-m/v7-m/libc.a(lib_a-nano-vfprintf_i.o)
 .debug_line    0x000044c9      0x1de ../../libtock-c/newlib/cortex-m/v7-m/libc.a(lib_a-sbrkr.o)
 .debug_line    0x000046a7      0x2e8 ../../libtock-c/newlib/cortex-m/v7-m/libc.a(lib_a-stdio.o)
 .debug_line    0x0000498f      0x1d5 ../../libtock-c/newlib/cortex-m/v7-m/libc.a(lib_a-writer.o)
 .debug_line    0x00004b64      0x1de ../../libtock-c/newlib/cortex-m/v7-m/libc.a(lib_a-closer.o)
 .debug_line    0x00004d42      0x27d ../../libtock-c/newlib/cortex-m/v7-m/libc.a(lib_a-fstatr.o)
 .debug_line    0x00004fbf      0x5be ../../libtock-c/newlib/cortex-m/v7-m/libc.a(lib_a-fvwrite.o)
 .debug_line    0x0000557d      0x1df ../../libtock-c/newlib/cortex-m/v7-m/libc.a(lib_a-isattyr.o)
 .debug_line    0x0000575c      0x1d5 ../../libtock-c/newlib/cortex-m/v7-m/libc.a(lib_a-lseekr.o)
 .debug_line    0x00005931      0x1d1 ../../libtock-c/newlib/cortex-m/v7-m/libc.a(lib_a-memchr-stub.o)
 .debug_line    0x00005b02      0x26f ../../libtock-c/newlib/cortex-m/v7-m/libc.a(lib_a-memmove.o)
 .debug_line    0x00005d71      0x199 ../../libtock-c/newlib/cortex-m/v7-m/libc.a(lib_a-mlock.o)
 .debug_line    0x00005f0a      0x234 ../../libtock-c/newlib/cortex-m/v7-m/libc.a(lib_a-nano-reallocr.o)
 .debug_line    0x0000613e      0x1d4 ../../libtock-c/newlib/cortex-m/v7-m/libc.a(lib_a-readr.o)
 .debug_line    0x00006312      0x2d3 ../../libtock-c/newlib/cortex-m/v7-m/libc.a(lib_a-reent.o)
 .debug_line    0x000065e5      0x1c2 ../../libtock-c/newlib/cortex-m/v7-m/libc.a(lib_a-nano-msizer.o)
 .debug_line    0x000067a7      0x2ca ../../libtock-c/libtock/build/cortex-m4/libtock.a(sys.o)
 .debug_line    0x00006a71      0x408 ../../libtock-c/libtock/build/cortex-m4/libtock.a(console.o)
 .debug_line    0x00006e79      0x156 ../../libtock-c/newlib/cortex-m/v7-m/libc.a(lib_a-errno.o)
 .debug_line    0x00006fcf      0x1cd ../../libtock-c/newlib/cortex-m/v7-m/libc.a(lib_a-malloc.o)
 .debug_line    0x0000719c      0x1d3 ../../libtock-c/newlib/cortex-m/v7-m/libc.a(lib_a-strncpy.o)

.debug_str      0x00000000     0x269a
 .debug_str     0x00000000      0x52a build/cortex-m4/main.o
                                0x5fd (size before relaxing)
 .debug_str     0x0000052a      0x11d ../../libtock-c/libtock/build/cortex-m4/libtock.a(crt0.o)
                                0x717 (size before relaxing)
 .debug_str     0x00000647      0x7c6 ../../libtock-c/libtock/build/cortex-m4/libtock.a(tock.o)
                                0xe10 (size before relaxing)
 .debug_str     0x00000e0d       0x3d ../drivers/build/cortex-m4/drivers.a(example_driver.o)
                                0x5f0 (size before relaxing)
 .debug_str     0x00000e4a      0x21e ../../libtock-c/newlib/cortex-m/v7-m/libc.a(lib_a-exit.o)
                                0x69d (size before relaxing)
 .debug_str     0x00001068       0xb4 ../../libtock-c/newlib/cortex-m/v7-m/libc.a(lib_a-impure.o)
                                0x651 (size before relaxing)
 .debug_str     0x0000111c      0x33b ../../libtock-c/newlib/cortex-m/v7-m/libc.a(lib_a-memcpy-stub.o)
                                0x990 (size before relaxing)
 .debug_str     0x00001457       0xaa ../../libtock-c/newlib/cortex-m/v7-m/libc.a(lib_a-memset.o)
                                0x96a (size before relaxing)
 .debug_str     0x00001501      0x1de ../../libtock-c/newlib/cortex-m/v7-m/libc.a(lib_a-printf.o)
                                0x7cb (size before relaxing)
 .debug_str     0x000016df       0x76 ../../libtock-c/newlib/cortex-m/v7-m/libc.a(lib_a-puts.o)
                                0x7d4 (size before relaxing)
 .debug_str     0x00001755       0x67 ../../libtock-c/newlib/cortex-m/v7-m/libc.a(lib_a-wbuf.o)
                                0x7da (size before relaxing)
 .debug_str     0x000017bc       0x55 ../../libtock-c/newlib/cortex-m/v7-m/libc.a(lib_a-wsetup.o)
                                0x7d5 (size before relaxing)
 .debug_str     0x00001811       0x70 ../../libtock-c/newlib/cortex-m/v7-m/libc.a(lib_a-fflush.o)
                                0x803 (size before relaxing)
 .debug_str     0x00001881      0x182 ../../libtock-c/newlib/cortex-m/v7-m/libc.a(lib_a-findfp.o)
                                0x913 (size before relaxing)
 .debug_str     0x00001a03       0x4e ../../libtock-c/newlib/cortex-m/v7-m/libc.a(lib_a-fwalk.o)
                                0x7c7 (size before relaxing)
 .debug_str     0x00001a51      0x16e ../../libtock-c/newlib/cortex-m/v7-m/libc.a(lib_a-makebuf.o)
                                0x948 (size before relaxing)
 .debug_str     0x00001bbf      0x12d ../../libtock-c/newlib/cortex-m/v7-m/libc.a(lib_a-nano-freer.o)
                                0x781 (size before relaxing)
 .debug_str     0x00001cec       0x49 ../../libtock-c/newlib/cortex-m/v7-m/libc.a(lib_a-nano-mallocr.o)
                                0x7c2 (size before relaxing)
 .debug_str     0x00001d35      0x15d ../../libtock-c/newlib/cortex-m/v7-m/libc.a(lib_a-nano-vfprintf.o)
                                0xc5f (size before relaxing)
 .debug_str     0x00001e92       0xa1 ../../libtock-c/newlib/cortex-m/v7-m/libc.a(lib_a-nano-vfprintf_i.o)
                                0xbdd (size before relaxing)
 .debug_str     0x00001f33       0x54 ../../libtock-c/newlib/cortex-m/v7-m/libc.a(lib_a-sbrkr.o)
                                0x694 (size before relaxing)
 .debug_str     0x00001f87       0x9f ../../libtock-c/newlib/cortex-m/v7-m/libc.a(lib_a-stdio.o)
                                0x81b (size before relaxing)
 .debug_str     0x00002026       0x40 ../../libtock-c/newlib/cortex-m/v7-m/libc.a(lib_a-writer.o)
                                0x691 (size before relaxing)
 .debug_str     0x00002066       0x40 ../../libtock-c/newlib/cortex-m/v7-m/libc.a(lib_a-closer.o)
                                0x681 (size before relaxing)
 .debug_str     0x000020a6       0x4d ../../libtock-c/newlib/cortex-m/v7-m/libc.a(lib_a-fstatr.o)
                                0x7ef (size before relaxing)
 .debug_str     0x000020f3       0x72 ../../libtock-c/newlib/cortex-m/v7-m/libc.a(lib_a-fvwrite.o)
                                0x854 (size before relaxing)
 .debug_str     0x00002165       0x49 ../../libtock-c/newlib/cortex-m/v7-m/libc.a(lib_a-isattyr.o)
                                0x68b (size before relaxing)
 .debug_str     0x000021ae       0x47 ../../libtock-c/newlib/cortex-m/v7-m/libc.a(lib_a-lseekr.o)
                                0x68f (size before relaxing)
 .debug_str     0x000021f5       0x5e ../../libtock-c/newlib/cortex-m/v7-m/libc.a(lib_a-memchr-stub.o)
                                0x677 (size before relaxing)
 .debug_str     0x00002253       0x4b ../../libtock-c/newlib/cortex-m/v7-m/libc.a(lib_a-memmove.o)
                                0x985 (size before relaxing)
 .debug_str     0x0000229e       0x59 ../../libtock-c/newlib/cortex-m/v7-m/libc.a(lib_a-mlock.o)
                                0x67d (size before relaxing)
 .debug_str     0x000022f7       0x2c ../../libtock-c/newlib/cortex-m/v7-m/libc.a(lib_a-nano-reallocr.o)
                                0x787 (size before relaxing)
 .debug_str     0x00002323       0x3f ../../libtock-c/newlib/cortex-m/v7-m/libc.a(lib_a-readr.o)
                                0x68f (size before relaxing)
 .debug_str     0x00002362       0x6b ../../libtock-c/newlib/cortex-m/v7-m/libc.a(lib_a-reent.o)
                                0x68d (size before relaxing)
 .debug_str     0x000023cd        0xf ../../libtock-c/newlib/cortex-m/v7-m/libc.a(lib_a-nano-msizer.o)
                                0x75c (size before relaxing)
 .debug_str     0x000023dc       0x7e ../../libtock-c/libtock/build/cortex-m4/libtock.a(sys.o)
                                0x984 (size before relaxing)
 .debug_str     0x0000245a       0xfe ../../libtock-c/libtock/build/cortex-m4/libtock.a(console.o)
                                0xbc8 (size before relaxing)
 .debug_str     0x00002558       0xa7 ../../libtock-c/newlib/cortex-m/v7-m/libc.a(lib_a-errno.o)
                                0x663 (size before relaxing)
 .debug_str     0x000025ff       0x4d ../../libtock-c/newlib/cortex-m/v7-m/libc.a(lib_a-malloc.o)
                                0x682 (size before relaxing)
 .debug_str     0x0000264c       0x4e ../../libtock-c/newlib/cortex-m/v7-m/libc.a(lib_a-strncpy.o)
                                0x673 (size before relaxing)

.debug_frame    0x00000000      0xec4
 .debug_frame   0x00000000       0x28 build/cortex-m4/main.o
 .debug_frame   0x00000028       0x50 ../../libtock-c/libtock/build/cortex-m4/libtock.a(crt0.o)
 .debug_frame   0x00000078      0x310 ../../libtock-c/libtock/build/cortex-m4/libtock.a(tock.o)
 .debug_frame   0x00000388       0x20 ../drivers/build/cortex-m4/drivers.a(example_driver.o)
 .debug_frame   0x000003a8       0x28 ../../libtock-c/newlib/cortex-m/v7-m/libc.a(lib_a-exit.o)
 .debug_frame   0x000003d0       0x28 ../../libtock-c/newlib/cortex-m/v7-m/libc.a(lib_a-memcpy-stub.o)
 .debug_frame   0x000003f8       0x20 ../../libtock-c/newlib/cortex-m/v7-m/libc.a(lib_a-memset.o)
 .debug_frame   0x00000418       0x74 ../../libtock-c/newlib/cortex-m/v7-m/libc.a(lib_a-printf.o)
 .debug_frame   0x0000048c       0x3c ../../libtock-c/newlib/cortex-m/v7-m/libc.a(lib_a-puts.o)
 .debug_frame   0x000004c8       0x40 ../../libtock-c/newlib/cortex-m/v7-m/libc.a(lib_a-wbuf.o)
 .debug_frame   0x00000508       0x2c ../../libtock-c/newlib/cortex-m/v7-m/libc.a(lib_a-wsetup.o)
 .debug_frame   0x00000534       0x68 ../../libtock-c/newlib/cortex-m/v7-m/libc.a(lib_a-fflush.o)
 .debug_frame   0x0000059c      0x13c ../../libtock-c/newlib/cortex-m/v7-m/libc.a(lib_a-findfp.o)
 .debug_frame   0x000006d8       0x54 ../../libtock-c/newlib/cortex-m/v7-m/libc.a(lib_a-fwalk.o)
 .debug_frame   0x0000072c       0x58 ../../libtock-c/newlib/cortex-m/v7-m/libc.a(lib_a-makebuf.o)
 .debug_frame   0x00000784       0x38 ../../libtock-c/newlib/cortex-m/v7-m/libc.a(lib_a-nano-freer.o)
 .debug_frame   0x000007bc       0x30 ../../libtock-c/newlib/cortex-m/v7-m/libc.a(lib_a-nano-mallocr.o)
 .debug_frame   0x000007ec       0xb8 ../../libtock-c/newlib/cortex-m/v7-m/libc.a(lib_a-nano-vfprintf.o)
 .debug_frame   0x000008a4       0x60 ../../libtock-c/newlib/cortex-m/v7-m/libc.a(lib_a-nano-vfprintf_i.o)
 .debug_frame   0x00000904       0x2c ../../libtock-c/newlib/cortex-m/v7-m/libc.a(lib_a-sbrkr.o)
 .debug_frame   0x00000930       0x88 ../../libtock-c/newlib/cortex-m/v7-m/libc.a(lib_a-stdio.o)
 .debug_frame   0x000009b8       0x2c ../../libtock-c/newlib/cortex-m/v7-m/libc.a(lib_a-writer.o)
 .debug_frame   0x000009e4       0x2c ../../libtock-c/newlib/cortex-m/v7-m/libc.a(lib_a-closer.o)
 .debug_frame   0x00000a10       0x2c ../../libtock-c/newlib/cortex-m/v7-m/libc.a(lib_a-fstatr.o)
 .debug_frame   0x00000a3c       0x3c ../../libtock-c/newlib/cortex-m/v7-m/libc.a(lib_a-fvwrite.o)
 .debug_frame   0x00000a78       0x2c ../../libtock-c/newlib/cortex-m/v7-m/libc.a(lib_a-isattyr.o)
 .debug_frame   0x00000aa4       0x2c ../../libtock-c/newlib/cortex-m/v7-m/libc.a(lib_a-lseekr.o)
 .debug_frame   0x00000ad0       0x28 ../../libtock-c/newlib/cortex-m/v7-m/libc.a(lib_a-memchr-stub.o)
 .debug_frame   0x00000af8       0x28 ../../libtock-c/newlib/cortex-m/v7-m/libc.a(lib_a-memmove.o)
 .debug_frame   0x00000b20       0x30 ../../libtock-c/newlib/cortex-m/v7-m/libc.a(lib_a-mlock.o)
 .debug_frame   0x00000b50       0x3c ../../libtock-c/newlib/cortex-m/v7-m/libc.a(lib_a-nano-reallocr.o)
 .debug_frame   0x00000b8c       0x2c ../../libtock-c/newlib/cortex-m/v7-m/libc.a(lib_a-readr.o)
 .debug_frame   0x00000bb8       0x5c ../../libtock-c/newlib/cortex-m/v7-m/libc.a(lib_a-reent.o)
 .debug_frame   0x00000c14       0x20 ../../libtock-c/newlib/cortex-m/v7-m/libc.a(lib_a-nano-msizer.o)
 .debug_frame   0x00000c34       0xf4 ../../libtock-c/libtock/build/cortex-m4/libtock.a(sys.o)
 .debug_frame   0x00000d28      0x124 ../../libtock-c/libtock/build/cortex-m4/libtock.a(console.o)
 .debug_frame   0x00000e4c       0x20 ../../libtock-c/newlib/cortex-m/v7-m/libc.a(lib_a-errno.o)
 .debug_frame   0x00000e6c       0x30 ../../libtock-c/newlib/cortex-m/v7-m/libc.a(lib_a-malloc.o)
 .debug_frame   0x00000e9c       0x28 ../../libtock-c/newlib/cortex-m/v7-m/libc.a(lib_a-strncpy.o)
